Archive member included to satisfy reference by file (symbol)

c:/program files (x86)/atollic/truestudio for arm 7.1.2/armtools/bin/../lib/gcc/arm-atollic-eabi/5.3.1/../../../../arm-atollic-eabi/lib/armv7-m\libc_nano.a(lib_a-init.o)
                              startup\startup_stm32f103xb.o (__libc_init_array)
c:/program files (x86)/atollic/truestudio for arm 7.1.2/armtools/bin/../lib/gcc/arm-atollic-eabi/5.3.1/../../../../arm-atollic-eabi/lib/armv7-m\libc_nano.a(lib_a-memcpy-stub.o)
                              Middlewares\Third_Party\FreeRTOS\Source\queue.o (memcpy)
c:/program files (x86)/atollic/truestudio for arm 7.1.2/armtools/bin/../lib/gcc/arm-atollic-eabi/5.3.1/../../../../arm-atollic-eabi/lib/armv7-m\libc_nano.a(lib_a-memset.o)
                              Drivers\STM32F1xx_HAL_Driver\Src\stm32f1xx_hal_rcc.o (memset)
c:/program files (x86)/atollic/truestudio for arm 7.1.2/armtools/bin/../lib/gcc/arm-atollic-eabi/5.3.1/../../../../arm-atollic-eabi/lib/armv7-m\libc_nano.a(lib_a-strcpy.o)
                              tracealyzer_realtime\SEGGER_RTT.o (strcpy)
c:/program files (x86)/atollic/truestudio for arm 7.1.2/armtools/bin/../lib/gcc/arm-atollic-eabi/5.3.1/../../../../arm-atollic-eabi/lib/armv7-m\libc_nano.a(lib_a-strlen.o)
                              tracealyzer_realtime\SEGGER_RTT.o (strlen)
c:/program files (x86)/atollic/truestudio for arm 7.1.2/armtools/bin/../lib/gcc/arm-atollic-eabi/5.3.1/armv7-m\libgcc.a(_lshrdi3.o)
                              Drivers\STM32F1xx_HAL_Driver\Src\stm32f1xx_hal_flash.o (__aeabi_llsr)

Allocating common symbols
Common symbol       size              file

xQueueRegistry      0x40              Middlewares\Third_Party\FreeRTOS\Source\queue.o
pFlash              0x20              Drivers\STM32F1xx_HAL_Driver\Src\stm32f1xx_hal_flash.o
PageInfo            0x10              tracealyzer_realtime\trcStreamingRecorder.o
_TzTraceData        0x3e8             tracealyzer_realtime\trcKernelPort.o
_SEGGER_RTT         0xa8              tracealyzer_realtime\SEGGER_RTT.o
trcWarningChannel   0x4               tracealyzer_realtime\trcKernelPort.o

Discarded input sections

 .text          0x00000000        0x0 c:/program files (x86)/atollic/truestudio for arm 7.1.2/armtools/bin/../lib/gcc/arm-atollic-eabi/5.3.1/armv7-m/crti.o
 .data          0x00000000        0x0 c:/program files (x86)/atollic/truestudio for arm 7.1.2/armtools/bin/../lib/gcc/arm-atollic-eabi/5.3.1/armv7-m/crti.o
 .bss           0x00000000        0x0 c:/program files (x86)/atollic/truestudio for arm 7.1.2/armtools/bin/../lib/gcc/arm-atollic-eabi/5.3.1/armv7-m/crti.o
 .data          0x00000000        0x4 c:/program files (x86)/atollic/truestudio for arm 7.1.2/armtools/bin/../lib/gcc/arm-atollic-eabi/5.3.1/armv7-m/crtbegin.o
 .text          0x00000000        0x0 Drivers\STM32F1xx_HAL_Driver\Src\stm32f1xx_hal.o
 .data          0x00000000        0x0 Drivers\STM32F1xx_HAL_Driver\Src\stm32f1xx_hal.o
 .bss           0x00000000        0x0 Drivers\STM32F1xx_HAL_Driver\Src\stm32f1xx_hal.o
 .text.HAL_MspInit
                0x00000000        0x2 Drivers\STM32F1xx_HAL_Driver\Src\stm32f1xx_hal.o
 .text.HAL_MspDeInit
                0x00000000        0x2 Drivers\STM32F1xx_HAL_Driver\Src\stm32f1xx_hal.o
 .text.HAL_DeInit
                0x00000000       0x20 Drivers\STM32F1xx_HAL_Driver\Src\stm32f1xx_hal.o
 .text.HAL_SuspendTick
                0x00000000       0x10 Drivers\STM32F1xx_HAL_Driver\Src\stm32f1xx_hal.o
 .text.HAL_ResumeTick
                0x00000000       0x10 Drivers\STM32F1xx_HAL_Driver\Src\stm32f1xx_hal.o
 .text.HAL_GetHalVersion
                0x00000000        0x8 Drivers\STM32F1xx_HAL_Driver\Src\stm32f1xx_hal.o
 .text.HAL_GetREVID
                0x00000000       0x1c Drivers\STM32F1xx_HAL_Driver\Src\stm32f1xx_hal.o
 .text.HAL_GetDEVID
                0x00000000       0x10 Drivers\STM32F1xx_HAL_Driver\Src\stm32f1xx_hal.o
 .text.HAL_DBGMCU_EnableDBGSleepMode
                0x00000000       0x10 Drivers\STM32F1xx_HAL_Driver\Src\stm32f1xx_hal.o
 .text.HAL_DBGMCU_DisableDBGSleepMode
                0x00000000       0x10 Drivers\STM32F1xx_HAL_Driver\Src\stm32f1xx_hal.o
 .text.HAL_DBGMCU_EnableDBGStopMode
                0x00000000       0x10 Drivers\STM32F1xx_HAL_Driver\Src\stm32f1xx_hal.o
 .text.HAL_DBGMCU_DisableDBGStopMode
                0x00000000       0x10 Drivers\STM32F1xx_HAL_Driver\Src\stm32f1xx_hal.o
 .text.HAL_DBGMCU_EnableDBGStandbyMode
                0x00000000       0x10 Drivers\STM32F1xx_HAL_Driver\Src\stm32f1xx_hal.o
 .text.HAL_DBGMCU_DisableDBGStandbyMode
                0x00000000       0x10 Drivers\STM32F1xx_HAL_Driver\Src\stm32f1xx_hal.o
 .text          0x00000000        0x0 Drivers\STM32F1xx_HAL_Driver\Src\stm32f1xx_hal_cortex.o
 .data          0x00000000        0x0 Drivers\STM32F1xx_HAL_Driver\Src\stm32f1xx_hal_cortex.o
 .bss           0x00000000        0x0 Drivers\STM32F1xx_HAL_Driver\Src\stm32f1xx_hal_cortex.o
 .text.HAL_NVIC_EnableIRQ
[...]
Memory Configuration

Name             Origin             Length             Attributes
RAM              0x20000000         0x00005000         xrw
FLASH            0x08000000         0x00010000         xr
*default*        0x00000000         0xffffffff

Linker script and memory map

LOAD c:/program files (x86)/atollic/truestudio for arm 7.1.2/armtools/bin/../lib/gcc/arm-atollic-eabi/5.3.1/armv7-m/crti.o
LOAD c:/program files (x86)/atollic/truestudio for arm 7.1.2/armtools/bin/../lib/gcc/arm-atollic-eabi/5.3.1/armv7-m/crtbegin.o
LOAD Drivers\STM32F1xx_HAL_Driver\Src\stm32f1xx_hal.o
LOAD Drivers\STM32F1xx_HAL_Driver\Src\stm32f1xx_hal_cortex.o
LOAD Drivers\STM32F1xx_HAL_Driver\Src\stm32f1xx_hal_dma.o
LOAD Drivers\STM32F1xx_HAL_Driver\Src\stm32f1xx_hal_flash.o
LOAD Drivers\STM32F1xx_HAL_Driver\Src\stm32f1xx_hal_flash_ex.o
LOAD Drivers\STM32F1xx_HAL_Driver\Src\stm32f1xx_hal_gpio.o
LOAD Drivers\STM32F1xx_HAL_Driver\Src\stm32f1xx_hal_gpio_ex.o
LOAD Drivers\STM32F1xx_HAL_Driver\Src\stm32f1xx_hal_pwr.o
LOAD Drivers\STM32F1xx_HAL_Driver\Src\stm32f1xx_hal_rcc.o
LOAD Drivers\STM32F1xx_HAL_Driver\Src\stm32f1xx_hal_rcc_ex.o
LOAD Drivers\STM32F1xx_HAL_Driver\Src\stm32f1xx_hal_tim.o
LOAD Drivers\STM32F1xx_HAL_Driver\Src\stm32f1xx_hal_tim_ex.o
LOAD Middlewares\Third_Party\FreeRTOS\Source\CMSIS_RTOS\cmsis_os.o
LOAD Middlewares\Third_Party\FreeRTOS\Source\croutine.o
LOAD Middlewares\Third_Party\FreeRTOS\Source\event_groups.o
LOAD Middlewares\Third_Party\FreeRTOS\Source\list.o
LOAD Middlewares\Third_Party\FreeRTOS\Source\portable\GCC\ARM_CM3\port.o
LOAD Middlewares\Third_Party\FreeRTOS\Source\portable\MemMang\heap_4.o
LOAD Middlewares\Third_Party\FreeRTOS\Source\queue.o
LOAD Middlewares\Third_Party\FreeRTOS\Source\tasks.o
LOAD Middlewares\Third_Party\FreeRTOS\Source\timers.o
LOAD Src\freertos.o
LOAD Src\main.o
LOAD Src\stm32f1xx_hal_msp.o
LOAD Src\stm32f1xx_it.o
LOAD Src\system_stm32f1xx.o
LOAD startup\startup_stm32f103xb.o
LOAD tracealyzer_realtime\SEGGER_RTT.o
LOAD tracealyzer_realtime\SEGGER_RTT_Printf.o
LOAD tracealyzer_realtime\trcKernelPort.o
LOAD tracealyzer_realtime\trcStreamingRecorder.o
START GROUP
LOAD c:/program files (x86)/atollic/truestudio for arm 7.1.2/armtools/bin/../lib/gcc/arm-atollic-eabi/5.3.1/../../../../arm-atollic-eabi/lib/armv7-m\libc_nano.a
LOAD c:/program files (x86)/atollic/truestudio for arm 7.1.2/armtools/bin/../lib/gcc/arm-atollic-eabi/5.3.1/../../../../arm-atollic-eabi/lib/armv7-m\libm.a
END GROUP
                0x00000080                malloc_getpagesize_P = 0x80
START GROUP
LOAD c:/program files (x86)/atollic/truestudio for arm 7.1.2/armtools/bin/../lib/gcc/arm-atollic-eabi/5.3.1/armv7-m\libgcc.a
LOAD c:/program files (x86)/atollic/truestudio for arm 7.1.2/armtools/bin/../lib/gcc/arm-atollic-eabi/5.3.1/../../../../arm-atollic-eabi/lib/armv7-m\libc_nano.a
END GROUP
START GROUP
LOAD c:/program files (x86)/atollic/truestudio for arm 7.1.2/armtools/bin/../lib/gcc/arm-atollic-eabi/5.3.1/armv7-m\libgcc.a
LOAD c:/program files (x86)/atollic/truestudio for arm 7.1.2/armtools/bin/../lib/gcc/arm-atollic-eabi/5.3.1/../../../../arm-atollic-eabi/lib/armv7-m\libc_nano.a
LOAD c:/program files (x86)/atollic/truestudio for arm 7.1.2/armtools/bin/../lib/gcc/arm-atollic-eabi/5.3.1/../../../../arm-atollic-eabi/lib/armv7-m\libnosys.a
END GROUP
START GROUP
LOAD c:/program files (x86)/atollic/truestudio for arm 7.1.2/armtools/bin/../lib/gcc/arm-atollic-eabi/5.3.1/armv7-m\libgcc.a
LOAD c:/program files (x86)/atollic/truestudio for arm 7.1.2/armtools/bin/../lib/gcc/arm-atollic-eabi/5.3.1/../../../../arm-atollic-eabi/lib/armv7-m\libc_nano.a
LOAD c:/program files (x86)/atollic/truestudio for arm 7.1.2/armtools/bin/../lib/gcc/arm-atollic-eabi/5.3.1/../../../../arm-atollic-eabi/lib/armv7-m\libnosys.a
END GROUP
LOAD c:/program files (x86)/atollic/truestudio for arm 7.1.2/armtools/bin/../lib/gcc/arm-atollic-eabi/5.3.1/armv7-m/crtend.o
LOAD c:/program files (x86)/atollic/truestudio for arm 7.1.2/armtools/bin/../lib/gcc/arm-atollic-eabi/5.3.1/armv7-m/crtn.o
                0x20005000                _estack = 0x20005000
                0x00000200                _Min_Heap_Size = 0x200
                0x00000400                _Min_Stack_Size = 0x400

.isr_vector     0x08000000      0x10c
                0x08000000                . = ALIGN (0x4)
 *(.isr_vector)
 .isr_vector    0x08000000      0x10c startup\startup_stm32f103xb.o
                0x08000000                g_pfnVectors
                0x0800010c                . = ALIGN (0x4)

.text           0x0800010c     0x22b0
                0x0800010c                . = ALIGN (0x4)
 *(.text)
 .text          0x0800010c       0x40 c:/program files (x86)/atollic/truestudio for arm 7.1.2/armtools/bin/../lib/gcc/arm-atollic-eabi/5.3.1/armv7-m/crtbegin.o
 *(.text*)
 .text.HAL_InitTick
                0x0800014c       0x24 Drivers\STM32F1xx_HAL_Driver\Src\stm32f1xx_hal.o
                0x0800014c                HAL_InitTick
 .text.HAL_Init
                0x08000170       0x24 Drivers\STM32F1xx_HAL_Driver\Src\stm32f1xx_hal.o
                0x08000170                HAL_Init
 .text.HAL_IncTick
                0x08000194       0x10 Drivers\STM32F1xx_HAL_Driver\Src\stm32f1xx_hal.o
                0x08000194                HAL_IncTick
 .text.HAL_GetTick
                0x080001a4        0xc Drivers\STM32F1xx_HAL_Driver\Src\stm32f1xx_hal.o
                0x080001a4                HAL_GetTick
 .text.HAL_Delay
                0x080001b0       0x1a Drivers\STM32F1xx_HAL_Driver\Src\stm32f1xx_hal.o
                0x080001b0                HAL_Delay
 *fill*         0x080001ca        0x2 
 .text.HAL_NVIC_SetPriorityGrouping
                0x080001cc       0x24 Drivers\STM32F1xx_HAL_Driver\Src\stm32f1xx_hal_cortex.o
                0x080001cc                HAL_NVIC_SetPriorityGrouping
 .text.HAL_NVIC_SetPriority
                0x080001f0       0x68 Drivers\STM32F1xx_HAL_Driver\Src\stm32f1xx_hal_cortex.o
                0x080001f0                HAL_NVIC_SetPriority
 .text.HAL_SYSTICK_Config
                0x08000258       0x2c Drivers\STM32F1xx_HAL_Driver\Src\stm32f1xx_hal_cortex.o
                0x08000258                HAL_SYSTICK_Config
 .text.HAL_SYSTICK_CLKSourceConfig
                0x08000284       0x18 Drivers\STM32F1xx_HAL_Driver\Src\stm32f1xx_hal_cortex.o
                0x08000284                HAL_SYSTICK_CLKSourceConfig
 .text.HAL_RCC_OscConfig
                0x0800029c      0x4c0 Drivers\STM32F1xx_HAL_Driver\Src\stm32f1xx_hal_rcc.o
                0x0800029c                HAL_RCC_OscConfig
 .text.HAL_RCC_GetSysClockFreq
                0x0800075c       0x90 Drivers\STM32F1xx_HAL_Driver\Src\stm32f1xx_hal_rcc.o
                0x0800075c                HAL_RCC_GetSysClockFreq
 .text.HAL_RCC_ClockConfig
                0x080007ec      0x164 Drivers\STM32F1xx_HAL_Driver\Src\stm32f1xx_hal_rcc.o
                0x080007ec                HAL_RCC_ClockConfig
 .text.HAL_RCC_GetHCLKFreq
                0x08000950        0xc Drivers\STM32F1xx_HAL_Driver\Src\stm32f1xx_hal_rcc.o
                0x08000950                HAL_RCC_GetHCLKFreq
 .text.osSystickHandler
                0x0800095c       0x14 Middlewares\Third_Party\FreeRTOS\Source\CMSIS_RTOS\cmsis_os.o
                0x0800095c                osSystickHandler
 .text.vListInitialise
                0x08000970       0x16 Middlewares\Third_Party\FreeRTOS\Source\list.o
                0x08000970                vListInitialise
 .text.vListInitialiseItem
                0x08000986        0x6 Middlewares\Third_Party\FreeRTOS\Source\list.o
                0x08000986                vListInitialiseItem
 .text.vListInsertEnd
                0x0800098c       0x18 Middlewares\Third_Party\FreeRTOS\Source\list.o
                0x0800098c                vListInsertEnd
 .text.vListInsert
                0x080009a4       0x30 Middlewares\Third_Party\FreeRTOS\Source\list.o
                0x080009a4                vListInsert
 .text.uxListRemove
                0x080009d4       0x20 Middlewares\Third_Party\FreeRTOS\Source\list.o
                0x080009d4                uxListRemove
 .text.prvPortStartFirstTask
                0x080009f4       0x20 Middlewares\Third_Party\FreeRTOS\Source\portable\GCC\ARM_CM3\port.o
 .text.pxPortInitialiseStack
                0x08000a14       0x1c Middlewares\Third_Party\FreeRTOS\Source\portable\GCC\ARM_CM3\port.o
                0x08000a14                pxPortInitialiseStack
 .text.SVC_Handler
                0x08000a30       0x24 Middlewares\Third_Party\FreeRTOS\Source\portable\GCC\ARM_CM3\port.o
                0x08000a30                SVC_Handler
 .text.vPortYield
                0x08000a54       0x18 Middlewares\Third_Party\FreeRTOS\Source\portable\GCC\ARM_CM3\port.o
                0x08000a54                vPortYield
 .text.ulPortSetInterruptMask
                0x08000a6c       0x10 Middlewares\Third_Party\FreeRTOS\Source\portable\GCC\ARM_CM3\port.o
                0x08000a6c                ulPortSetInterruptMask
 .text.prvTaskExitError
                0x08000a7c       0x1c Middlewares\Third_Party\FreeRTOS\Source\portable\GCC\ARM_CM3\port.o
 .text.vPortEnterCritical
                0x08000a98       0x34 Middlewares\Third_Party\FreeRTOS\Source\portable\GCC\ARM_CM3\port.o
                0x08000a98                vPortEnterCritical
 .text.vPortClearInterruptMask
                0x08000acc        0x6 Middlewares\Third_Party\FreeRTOS\Source\portable\GCC\ARM_CM3\port.o
                0x08000acc                vPortClearInterruptMask
 *fill*         0x08000ad2        0x2 
 .text.vPortExitCritical
                0x08000ad4       0x24 Middlewares\Third_Party\FreeRTOS\Source\portable\GCC\ARM_CM3\port.o
                0x08000ad4                vPortExitCritical
 .text.PendSV_Handler
                0x08000af8       0x44 Middlewares\Third_Party\FreeRTOS\Source\portable\GCC\ARM_CM3\port.o
                0x08000af8                PendSV_Handler
 .text.xPortSysTickHandler
                0x08000b3c       0x24 Middlewares\Third_Party\FreeRTOS\Source\portable\GCC\ARM_CM3\port.o
                0x08000b3c                xPortSysTickHandler
 .text.vPortSetupTimerInterrupt
                0x08000b60       0x28 Middlewares\Third_Party\FreeRTOS\Source\portable\GCC\ARM_CM3\port.o
                0x08000b60                vPortSetupTimerInterrupt
 .text.xPortStartScheduler
                0x08000b88       0x94 Middlewares\Third_Party\FreeRTOS\Source\portable\GCC\ARM_CM3\port.o
                0x08000b88                xPortStartScheduler
 .text.prvInsertBlockIntoFreeList
                0x08000c1c       0x48 Middlewares\Third_Party\FreeRTOS\Source\portable\MemMang\heap_4.o
 .text.pvPortMalloc
                0x08000c64      0x11c Middlewares\Third_Party\FreeRTOS\Source\portable\MemMang\heap_4.o
                0x08000c64                pvPortMalloc
 .text.vPortFree
                0x08000d80       0x60 Middlewares\Third_Party\FreeRTOS\Source\portable\MemMang\heap_4.o
                0x08000d80                vPortFree
 .text.prvResetNextTaskUnblockTime
                0x08000de0       0x24 Middlewares\Third_Party\FreeRTOS\Source\tasks.o
 .text.prvAddCurrentTaskToDelayedList
                0x08000e04       0x50 Middlewares\Third_Party\FreeRTOS\Source\tasks.o
 .text.xTaskGenericCreate
                0x08000e54      0x1f0 Middlewares\Third_Party\FreeRTOS\Source\tasks.o
                0x08000e54                xTaskGenericCreate
 .text.vTaskStartScheduler
                0x08001044       0x60 Middlewares\Third_Party\FreeRTOS\Source\tasks.o
                0x08001044                vTaskStartScheduler
 .text.vTaskSuspendAll
                0x080010a4       0x10 Middlewares\Third_Party\FreeRTOS\Source\tasks.o
                0x080010a4                vTaskSuspendAll
 .text.xTaskIncrementTick
                0x080010b4      0x14c Middlewares\Third_Party\FreeRTOS\Source\tasks.o
                0x080010b4                xTaskIncrementTick
 .text.xTaskResumeAll
                0x08001200       0xd8 Middlewares\Third_Party\FreeRTOS\Source\tasks.o
                0x08001200                xTaskResumeAll
 .text.vTaskDelay
                0x080012d8       0x6c Middlewares\Third_Party\FreeRTOS\Source\tasks.o
                0x080012d8                vTaskDelay
 .text.prvIdleTask
                0x08001344       0x68 Middlewares\Third_Party\FreeRTOS\Source\tasks.o
 .text.vTaskSwitchContext
                0x080013ac       0x84 Middlewares\Third_Party\FreeRTOS\Source\tasks.o
                0x080013ac                vTaskSwitchContext
 .text.xTaskGetCurrentTaskHandle
                0x08001430        0xc Middlewares\Third_Party\FreeRTOS\Source\tasks.o
                0x08001430                xTaskGetCurrentTaskHandle
 .text.xTaskGetSchedulerState
                0x0800143c       0x20 Middlewares\Third_Party\FreeRTOS\Source\tasks.o
                0x0800143c                xTaskGetSchedulerState
 .text.task1    0x0800145c        0xa Src\main.o
                0x0800145c                task1
 .text.task2    0x08001466       0x12 Src\main.o
                0x08001466                task2
 .text.SystemClock_Config
                0x08001478       0x6c Src\main.o
                0x08001478                SystemClock_Config
 .text.startup.main
                0x080014e4       0x90 Src\main.o
                0x080014e4                main
 .text.HAL_MspInit
                0x08001574       0x8c Src\stm32f1xx_hal_msp.o
                0x08001574                HAL_MspInit
 .text.NMI_Handler
                0x08001600        0x2 Src\stm32f1xx_it.o
                0x08001600                NMI_Handler
 .text.HardFault_Handler
                0x08001602        0x2 Src\stm32f1xx_it.o
                0x08001602                HardFault_Handler
 .text.MemManage_Handler
                0x08001604        0x2 Src\stm32f1xx_it.o
                0x08001604                MemManage_Handler
 .text.BusFault_Handler
                0x08001606        0x2 Src\stm32f1xx_it.o
                0x08001606                BusFault_Handler
 .text.UsageFault_Handler
                0x08001608        0x2 Src\stm32f1xx_it.o
                0x08001608                UsageFault_Handler
 .text.DebugMon_Handler
                0x0800160a        0x2 Src\stm32f1xx_it.o
                0x0800160a                DebugMon_Handler
 .text.SysTick_Handler
                0x0800160c        0xe Src\stm32f1xx_it.o
                0x0800160c                SysTick_Handler
 *fill*         0x0800161a        0x2 
 .text.SystemInit
                0x0800161c       0x4c Src\system_stm32f1xx.o
                0x0800161c                SystemInit
 .text.Reset_Handler
                0x08001668       0x48 startup\startup_stm32f103xb.o
                0x08001668                Reset_Handler
 .text.Default_Handler
                0x080016b0        0x2 startup\startup_stm32f103xb.o
                0x080016b0                RTC_Alarm_IRQHandler
                0x080016b0                EXTI2_IRQHandler
                0x080016b0                TIM1_CC_IRQHandler
                0x080016b0                PVD_IRQHandler
                0x080016b0                EXTI3_IRQHandler
                0x080016b0                EXTI0_IRQHandler
                0x080016b0                I2C2_EV_IRQHandler
                0x080016b0                ADC1_2_IRQHandler
                0x080016b0                SPI1_IRQHandler
                0x080016b0                TAMPER_IRQHandler
                0x080016b0                DMA1_Channel4_IRQHandler
                0x080016b0                USART3_IRQHandler
                0x080016b0                RTC_IRQHandler
                0x080016b0                DMA1_Channel7_IRQHandler
                0x080016b0                CAN1_RX1_IRQHandler
                0x080016b0                TIM4_IRQHandler
                0x080016b0                I2C1_EV_IRQHandler
                0x080016b0                DMA1_Channel6_IRQHandler
                0x080016b0                TIM3_IRQHandler
                0x080016b0                RCC_IRQHandler
                0x080016b0                TIM1_TRG_COM_IRQHandler
                0x080016b0                DMA1_Channel1_IRQHandler
                0x080016b0                Default_Handler
                0x080016b0                EXTI15_10_IRQHandler
                0x080016b0                EXTI9_5_IRQHandler
                0x080016b0                SPI2_IRQHandler
                0x080016b0                DMA1_Channel5_IRQHandler
                0x080016b0                EXTI4_IRQHandler
                0x080016b0                USB_LP_CAN1_RX0_IRQHandler
                0x080016b0                USB_HP_CAN1_TX_IRQHandler
                0x080016b0                DMA1_Channel3_IRQHandler
                0x080016b0                TIM1_UP_IRQHandler
                0x080016b0                WWDG_IRQHandler
                0x080016b0                TIM2_IRQHandler
                0x080016b0                TIM1_BRK_IRQHandler
                0x080016b0                EXTI1_IRQHandler
                0x080016b0                USART2_IRQHandler
                0x080016b0                I2C2_ER_IRQHandler
                0x080016b0                DMA1_Channel2_IRQHandler
                0x080016b0                CAN1_SCE_IRQHandler
                0x080016b0                FLASH_IRQHandler
                0x080016b0                USART1_IRQHandler
                0x080016b0                I2C1_ER_IRQHandler
                0x080016b0                USBWakeUp_IRQHandler
 .text._GetAvailWriteSpace
                0x080016b2       0x18 tracealyzer_realtime\SEGGER_RTT.o
 .text._WriteNoCheck
                0x080016ca       0x3c tracealyzer_realtime\SEGGER_RTT.o
 .text._WriteBlocking
                0x08001706       0x52 tracealyzer_realtime\SEGGER_RTT.o
 .text._DoInit  0x08001758       0x5c tracealyzer_realtime\SEGGER_RTT.o
 .text.SEGGER_RTT_ReadNoLock
                0x080017b4       0x90 tracealyzer_realtime\SEGGER_RTT.o
                0x080017b4                SEGGER_RTT_ReadNoLock
 .text.SEGGER_RTT_Read
                0x08001844       0x1c tracealyzer_realtime\SEGGER_RTT.o
                0x08001844                SEGGER_RTT_Read
 .text.SEGGER_RTT_WriteNoLock
                0x08001860       0x58 tracealyzer_realtime\SEGGER_RTT.o
                0x08001860                SEGGER_RTT_WriteNoLock
 .text.SEGGER_RTT_Write
                0x080018b8       0x34 tracealyzer_realtime\SEGGER_RTT.o
                0x080018b8                SEGGER_RTT_Write
 .text.SEGGER_RTT_ConfigUpBuffer
                0x080018ec       0x6c tracealyzer_realtime\SEGGER_RTT.o
                0x080018ec                SEGGER_RTT_ConfigUpBuffer
 .text.SEGGER_RTT_ConfigDownBuffer
                0x08001958       0x64 tracealyzer_realtime\SEGGER_RTT.o
                0x08001958                SEGGER_RTT_ConfigDownBuffer
 .text.TzCtrl   0x080019bc       0xe8 tracealyzer_realtime\trcKernelPort.o
 .text.vTraceEnable
                0x08001aa4       0xe8 tracealyzer_realtime\trcKernelPort.o
                0x08001aa4                vTraceEnable
 .text.prvTraceOnBegin
                0x08001b8c        0x2 tracealyzer_realtime\trcKernelPort.o
                0x08001b8c                prvTraceOnBegin
 .text.prvTraceOnEnd
                0x08001b8e        0x2 tracealyzer_realtime\trcKernelPort.o
                0x08001b8e                prvTraceOnEnd
 .text.prvTraceGetCurrentTaskHandle
                0x08001b90        0x4 tracealyzer_realtime\trcKernelPort.o
                0x08001b90                prvTraceGetCurrentTaskHandle
 .text.prvIsNewTCB
                0x08001b94       0x14 tracealyzer_realtime\trcKernelPort.o
                0x08001b94                prvIsNewTCB
 .text.prvTraceSaveSymbol
                0x08001ba8       0x98 tracealyzer_realtime\trcStreamingRecorder.o
                0x08001ba8                prvTraceSaveSymbol
 .text.prvTraceSaveObjectData
                0x08001c40       0x74 tracealyzer_realtime\trcStreamingRecorder.o
                0x08001c40                prvTraceSaveObjectData
 .text.prvIsValidCommand
                0x08001cb4       0x38 tracealyzer_realtime\trcStreamingRecorder.o
                0x08001cb4                prvIsValidCommand
 .text.prvTraceError
                0x08001cec       0x30 tracealyzer_realtime\trcStreamingRecorder.o
                0x08001cec                prvTraceError
 .text.prvTraceStoreStringEventHelper
                0x08001d1c      0x10c tracealyzer_realtime\trcStreamingRecorder.o
 .text.vTracePrintF
                0x08001e28       0x50 tracealyzer_realtime\trcStreamingRecorder.o
                0x08001e28                vTracePrintF
 .text.prvTraceStoreWarnings
                0x08001e78       0xb8 tracealyzer_realtime\trcStreamingRecorder.o
 .text.prvTraceStoreStringEvent
                0x08001f30       0x22 tracealyzer_realtime\trcStreamingRecorder.o
                0x08001f30                prvTraceStoreStringEvent
 .text.xTraceRegisterString
                0x08001f52       0x1a tracealyzer_realtime\trcStreamingRecorder.o
                0x08001f52                xTraceRegisterString
 .text.prvTraceStoreEvent0
                0x08001f6c       0x54 tracealyzer_realtime\trcStreamingRecorder.o
                0x08001f6c                prvTraceStoreEvent0
 .text.prvTraceStoreEvent1
                0x08001fc0       0x5c tracealyzer_realtime\trcStreamingRecorder.o
                0x08001fc0                prvTraceStoreEvent1
 .text.prvTraceStoreEvent2
                0x0800201c       0x5c tracealyzer_realtime\trcStreamingRecorder.o
                0x0800201c                prvTraceStoreEvent2
 .text.prvTraceStoreEvent3
                0x08002078       0x60 tracealyzer_realtime\trcStreamingRecorder.o
                0x08002078                prvTraceStoreEvent3
 .text.prvTraceStoreEvent
                0x080020d8       0x80 tracealyzer_realtime\trcStreamingRecorder.o
                0x080020d8                prvTraceStoreEvent
 .text.prvSetRecorderEnabled
                0x08002158      0x16c tracealyzer_realtime\trcStreamingRecorder.o
 .text.prvProcessCommand
                0x080022c4        0xe tracealyzer_realtime\trcStreamingRecorder.o
                0x080022c4                prvProcessCommand
 *fill*         0x080022d2        0x2 
 .text.prvTraceInitCortexM
                0x080022d4       0x4c tracealyzer_realtime\trcStreamingRecorder.o
                0x080022d4                prvTraceInitCortexM
 .text.__libc_init_array
                0x08002320       0x4c c:/program files (x86)/atollic/truestudio for arm 7.1.2/armtools/bin/../lib/gcc/arm-atollic-eabi/5.3.1/../../../../arm-atollic-eabi/lib/armv7-m\libc_nano.a(lib_a-init.o)
                0x08002320                __libc_init_array
 .text.memcpy   0x0800236c       0x16 c:/program files (x86)/atollic/truestudio for arm 7.1.2/armtools/bin/../lib/gcc/arm-atollic-eabi/5.3.1/../../../../arm-atollic-eabi/lib/armv7-m\libc_nano.a(lib_a-memcpy-stub.o)
                0x0800236c                memcpy
 .text.memset   0x08002382       0x10 c:/program files (x86)/atollic/truestudio for arm 7.1.2/armtools/bin/../lib/gcc/arm-atollic-eabi/5.3.1/../../../../arm-atollic-eabi/lib/armv7-m\libc_nano.a(lib_a-memset.o)
                0x08002382                memset
 .text.strcpy   0x08002392       0x10 c:/program files (x86)/atollic/truestudio for arm 7.1.2/armtools/bin/../lib/gcc/arm-atollic-eabi/5.3.1/../../../../arm-atollic-eabi/lib/armv7-m\libc_nano.a(lib_a-strcpy.o)
                0x08002392                strcpy
 *(.glue_7)
 .glue_7        0x080023a2        0x0 linker stubs
 *(.glue_7t)
 .glue_7t       0x080023a2        0x0 linker stubs
 *(.eh_frame)
 *fill*         0x080023a2        0x2 
 .eh_frame      0x080023a4        0x0 c:/program files (x86)/atollic/truestudio for arm 7.1.2/armtools/bin/../lib/gcc/arm-atollic-eabi/5.3.1/armv7-m/crtbegin.o
 *(.init)
 .init          0x080023a4        0x4 c:/program files (x86)/atollic/truestudio for arm 7.1.2/armtools/bin/../lib/gcc/arm-atollic-eabi/5.3.1/armv7-m/crti.o
                0x080023a4                _init
 .init          0x080023a8        0x8 c:/program files (x86)/atollic/truestudio for arm 7.1.2/armtools/bin/../lib/gcc/arm-atollic-eabi/5.3.1/armv7-m/crtn.o
 *(.fini)
 .fini          0x080023b0        0x4 c:/program files (x86)/atollic/truestudio for arm 7.1.2/armtools/bin/../lib/gcc/arm-atollic-eabi/5.3.1/armv7-m/crti.o
                0x080023b0                _fini
 .fini          0x080023b4        0x8 c:/program files (x86)/atollic/truestudio for arm 7.1.2/armtools/bin/../lib/gcc/arm-atollic-eabi/5.3.1/armv7-m/crtn.o
                0x080023bc                . = ALIGN (0x4)
                0x080023bc                _etext = .

.vfp11_veneer   0x080023bc        0x0
 .vfp11_veneer  0x080023bc        0x0 linker stubs

.v4_bx          0x080023bc        0x0
 .v4_bx         0x080023bc        0x0 linker stubs

.iplt           0x080023bc        0x0
 .iplt          0x080023bc        0x0 c:/program files (x86)/atollic/truestudio for arm 7.1.2/armtools/bin/../lib/gcc/arm-atollic-eabi/5.3.1/armv7-m/crtbegin.o

.rodata         0x080023bc      0x2fc
                0x080023bc                . = ALIGN (0x4)
 *(.rodata)
 .rodata        0x080023bc       0x12 Drivers\STM32F1xx_HAL_Driver\Src\stm32f1xx_hal_rcc.o
 *(.rodata*)
 .rodata.str1.1
                0x080023ce        0x5 Middlewares\Third_Party\FreeRTOS\Source\tasks.o
 .rodata.str1.1
                0x080023d3        0xc Src\main.o
 .rodata.AHBPrescTable
                0x080023df       0x10 Src\system_stm32f1xx.o
                0x080023df                AHBPrescTable
 .rodata.str1.1
                0x080023ef       0x14 tracealyzer_realtime\SEGGER_RTT.o
 .rodata.str1.1
                0x08002403       0xf0 tracealyzer_realtime\trcKernelPort.o
 .rodata.str1.1
                0x080024f3      0x1c2 tracealyzer_realtime\trcStreamingRecorder.o
                                0x25b (size before relaxing)
                0x080026b8                . = ALIGN (0x4)
 *fill*         0x080026b5        0x3 

.rel.dyn        0x080026b8        0x0
 .rel.iplt      0x080026b8        0x0 c:/program files (x86)/atollic/truestudio for arm 7.1.2/armtools/bin/../lib/gcc/arm-atollic-eabi/5.3.1/armv7-m/crtbegin.o

.ARM.extab
 *(.ARM.extab* .gnu.linkonce.armextab.*)

.ARM            0x080026b8        0x0
                0x080026b8                __exidx_start = .
 *(.ARM.exidx*)
                0x080026b8                __exidx_end = .

.preinit_array  0x080026b8        0x0
                0x080026b8                PROVIDE (__preinit_array_start, .)
 *(.preinit_array*)
                0x080026b8                PROVIDE (__preinit_array_end, .)

.init_array     0x080026b8        0x4
                0x080026b8                PROVIDE (__init_array_start, .)
 *(SORT(.init_array.*))
 *(.init_array*)
 .init_array    0x080026b8        0x4 c:/program files (x86)/atollic/truestudio for arm 7.1.2/armtools/bin/../lib/gcc/arm-atollic-eabi/5.3.1/armv7-m/crtbegin.o
                0x080026bc                PROVIDE (__init_array_end, .)

.fini_array     0x080026bc        0x4
                [!provide]                PROVIDE (__fini_array_start, .)
 *(SORT(.fini_array.*))
 *(.fini_array*)
 .fini_array    0x080026bc        0x4 c:/program files (x86)/atollic/truestudio for arm 7.1.2/armtools/bin/../lib/gcc/arm-atollic-eabi/5.3.1/armv7-m/crtbegin.o
                [!provide]                PROVIDE (__fini_array_end, .)
                0x080026c0                _sidata = LOADADDR (.data)

.data           0x20000000        0xc load address 0x080026c0
                0x20000000                . = ALIGN (0x4)
                0x20000000                _sdata = .
 *(.data)
 *(.data*)
 .data.uxCriticalNesting
                0x20000000        0x4 Middlewares\Third_Party\FreeRTOS\Source\portable\GCC\ARM_CM3\port.o
 .data.SystemCoreClock
                0x20000004        0x4 Src\system_stm32f1xx.o
                0x20000004                SystemCoreClock
 .data.ISR_stack_index
                0x20000008        0x1 tracealyzer_realtime\trcStreamingRecorder.o
                0x2000000c                . = ALIGN (0x4)
 *fill*         0x20000009        0x3 
                0x2000000c                _edata = .

.igot.plt       0x2000000c        0x0 load address 0x080026cc
 .igot.plt      0x2000000c        0x0 c:/program files (x86)/atollic/truestudio for arm 7.1.2/armtools/bin/../lib/gcc/arm-atollic-eabi/5.3.1/armv7-m/crtbegin.o
                0x2000000c                . = ALIGN (0x4)

.bss            0x2000000c     0x18f4 load address 0x080026cc
                0x2000000c                _sbss = .
                0x2000000c                __bss_start__ = _sbss
 *(.bss)
 .bss           0x2000000c       0x1c c:/program files (x86)/atollic/truestudio for arm 7.1.2/armtools/bin/../lib/gcc/arm-atollic-eabi/5.3.1/armv7-m/crtbegin.o
 *(.bss*)
 .bss.uwTick    0x20000028        0x4 Drivers\STM32F1xx_HAL_Driver\Src\stm32f1xx_hal.o
 .bss.ucMaxSysCallPriority
                0x2000002c        0x1 Middlewares\Third_Party\FreeRTOS\Source\portable\GCC\ARM_CM3\port.o
 *fill*         0x2000002d        0x3 
 .bss.ulMaxPRIGROUPValue
                0x20000030        0x4 Middlewares\Third_Party\FreeRTOS\Source\portable\GCC\ARM_CM3\port.o
 .bss.xFreeBytesRemaining
                0x20000034        0x4 Middlewares\Third_Party\FreeRTOS\Source\portable\MemMang\heap_4.o
 .bss.pxEnd     0x20000038        0x4 Middlewares\Third_Party\FreeRTOS\Source\portable\MemMang\heap_4.o
 .bss.xStart    0x2000003c        0x8 Middlewares\Third_Party\FreeRTOS\Source\portable\MemMang\heap_4.o
 .bss.ucHeap    0x20000044      0xc00 Middlewares\Third_Party\FreeRTOS\Source\portable\MemMang\heap_4.o
 .bss.xBlockAllocatedBit
                0x20000c44        0x4 Middlewares\Third_Party\FreeRTOS\Source\portable\MemMang\heap_4.o
 .bss.xMinimumEverFreeBytesRemaining
                0x20000c48        0x4 Middlewares\Third_Party\FreeRTOS\Source\portable\MemMang\heap_4.o
 .bss.xNumOfOverflows
                0x20000c4c        0x4 Middlewares\Third_Party\FreeRTOS\Source\tasks.o
 .bss.pxDelayedTaskList
                0x20000c50        0x4 Middlewares\Third_Party\FreeRTOS\Source\tasks.o
 .bss.xSchedulerRunning
                0x20000c54        0x4 Middlewares\Third_Party\FreeRTOS\Source\tasks.o
 .bss.uxTasksDeleted
                0x20000c58        0x4 Middlewares\Third_Party\FreeRTOS\Source\tasks.o
 .bss.xDelayedTaskList1
                0x20000c5c       0x14 Middlewares\Third_Party\FreeRTOS\Source\tasks.o
 .bss.uxPendedTicks
                0x20000c70        0x4 Middlewares\Third_Party\FreeRTOS\Source\tasks.o
 .bss.pxReadyTasksLists
                0x20000c74       0x8c Middlewares\Third_Party\FreeRTOS\Source\tasks.o
 .bss.xTasksWaitingTermination
                0x20000d00       0x14 Middlewares\Third_Party\FreeRTOS\Source\tasks.o
 .bss.pxCurrentTCB
                0x20000d14        0x4 Middlewares\Third_Party\FreeRTOS\Source\tasks.o
                0x20000d14                pxCurrentTCB
 .bss.xNextTaskUnblockTime
                0x20000d18        0x4 Middlewares\Third_Party\FreeRTOS\Source\tasks.o
 .bss.uxSchedulerSuspended
                0x20000d1c        0x4 Middlewares\Third_Party\FreeRTOS\Source\tasks.o
 .bss.xTickCount
                0x20000d20        0x4 Middlewares\Third_Party\FreeRTOS\Source\tasks.o
 .bss.pxOverflowDelayedTaskList
                0x20000d24        0x4 Middlewares\Third_Party\FreeRTOS\Source\tasks.o
 .bss.xPendingReadyList
                0x20000d28       0x14 Middlewares\Third_Party\FreeRTOS\Source\tasks.o
 .bss.uxTaskNumber
                0x20000d3c        0x4 Middlewares\Third_Party\FreeRTOS\Source\tasks.o
 .bss.uxCurrentNumberOfTasks
                0x20000d40        0x4 Middlewares\Third_Party\FreeRTOS\Source\tasks.o
 .bss.xDelayedTaskList2
                0x20000d44       0x14 Middlewares\Third_Party\FreeRTOS\Source\tasks.o
 .bss.xSuspendedTaskList
                0x20000d58       0x14 Middlewares\Third_Party\FreeRTOS\Source\tasks.o
 .bss.uxTopReadyPriority
                0x20000d6c        0x4 Middlewares\Third_Party\FreeRTOS\Source\tasks.o
 .bss.xYieldPending
                0x20000d70        0x4 Middlewares\Third_Party\FreeRTOS\Source\tasks.o
 .bss._acDownBuffer
                0x20000d74       0x10 tracealyzer_realtime\SEGGER_RTT.o
 .bss._acUpBuffer
                0x20000d84       0x40 tracealyzer_realtime\SEGGER_RTT.o
 .bss.MaxBytesTruncated_last
                0x20000dc4        0x4 tracealyzer_realtime\trcKernelPort.o
 .bss.LongestSymbolName_last
                0x20000dc8        0x4 tracealyzer_realtime\trcKernelPort.o
 .bss.NoRoomForSymbol_last
                0x20000dcc        0x4 tracealyzer_realtime\trcKernelPort.o
 .bss.pCurrentTCB
                0x20000dd0        0x4 tracealyzer_realtime\trcKernelPort.o
 .bss.HandleTzCtrl
                0x20000dd4        0x4 tracealyzer_realtime\trcKernelPort.o
 .bss._TzCtrlData
                0x20000dd8       0x20 tracealyzer_realtime\trcKernelPort.o
 .bss.NoRoomForObjectData_last
                0x20000df8        0x4 tracealyzer_realtime\trcKernelPort.o
 .bss.eventCounter
                0x20000dfc        0x4 tracealyzer_realtime\trcStreamingRecorder.o
 .bss.NoRoomForSymbol
                0x20000e00        0x4 tracealyzer_realtime\trcStreamingRecorder.o
                0x20000e00                NoRoomForSymbol
 .bss.RecorderEnabled
                0x20000e04        0x4 tracealyzer_realtime\trcStreamingRecorder.o
                0x20000e04                RecorderEnabled
 .bss.NoRoomForObjectData
                0x20000e08        0x4 tracealyzer_realtime\trcStreamingRecorder.o
                0x20000e08                NoRoomForObjectData
 .bss.objectDataTable
                0x20000e0c      0x140 tracealyzer_realtime\trcStreamingRecorder.o
 .bss.timestampFrequency
                0x20000f4c        0x4 tracealyzer_realtime\trcStreamingRecorder.o
                0x20000f4c                timestampFrequency
 .bss.symbolTable
                0x20000f50      0x500 tracealyzer_realtime\trcStreamingRecorder.o
 .bss.uiTraceTickCount
                0x20001450        0x4 tracealyzer_realtime\trcStreamingRecorder.o
                0x20001450                uiTraceTickCount
 .bss.errorCode
                0x20001454        0x4 tracealyzer_realtime\trcStreamingRecorder.o
 .bss.firstFreeSymbolTableIndex
                0x20001458        0x4 tracealyzer_realtime\trcStreamingRecorder.o
 .bss.LongestSymbolName
                0x2000145c        0x4 tracealyzer_realtime\trcStreamingRecorder.o
                0x2000145c                LongestSymbolName
 .bss.firstFreeObjectDataTableIndex
                0x20001460        0x4 tracealyzer_realtime\trcStreamingRecorder.o
 .bss.MaxBytesTruncated
                0x20001464        0x4 tracealyzer_realtime\trcStreamingRecorder.o
                0x20001464                MaxBytesTruncated
 .bss.SessionCounter
                0x20001468        0x4 tracealyzer_realtime\trcStreamingRecorder.o
 *(COMMON)
 COMMON         0x2000146c       0xa8 tracealyzer_realtime\SEGGER_RTT.o
                0x2000146c                _SEGGER_RTT
 COMMON         0x20001514      0x3ec tracealyzer_realtime\trcKernelPort.o
                0x20001514                _TzTraceData
                0x200018fc                trcWarningChannel
                0x20001900                . = ALIGN (0x4)
                0x20001900                _ebss = .
                0x20001900                __bss_end__ = _ebss

._user_heap_stack
                0x20001900      0x600 load address 0x080026cc
                0x20001900                . = ALIGN (0x4)
                [!provide]                PROVIDE (end, .)
                [!provide]                PROVIDE (_end, .)
                0x20001b00                . = (. + _Min_Heap_Size)
 *fill*         0x20001900      0x200 
                0x20001f00                . = (. + _Min_Stack_Size)
 *fill*         0x20001b00      0x400 
                0x20001f00                . = ALIGN (0x4)

/DISCARD/
 libc.a(*)
 libm.a(*)
 libgcc.a(*)

.ARM.attributes
                0x00000000       0x29
 *(.ARM.attributes)
 .ARM.attributes
                0x00000000       0x1d c:/program files (x86)/atollic/truestudio for arm 7.1.2/armtools/bin/../lib/gcc/arm-atollic-eabi/5.3.1/armv7-m/crti.o
 .ARM.attributes
                0x0000001d       0x2d c:/program files (x86)/atollic/truestudio for arm 7.1.2/armtools/bin/../lib/gcc/arm-atollic-eabi/5.3.1/armv7-m/crtbegin.o
 .ARM.attributes
                0x0000004a       0x33 Drivers\STM32F1xx_HAL_Driver\Src\stm32f1xx_hal.o
 .ARM.attributes
                0x0000007d       0x33 Drivers\STM32F1xx_HAL_Driver\Src\stm32f1xx_hal_cortex.o
 .ARM.attributes
                0x000000b0       0x33 Drivers\STM32F1xx_HAL_Driver\Src\stm32f1xx_hal_rcc.o
 .ARM.attributes
                0x000000e3       0x33 Middlewares\Third_Party\FreeRTOS\Source\CMSIS_RTOS\cmsis_os.o
 .ARM.attributes
                0x00000116       0x33 Middlewares\Third_Party\FreeRTOS\Source\list.o
 .ARM.attributes
                0x00000149       0x33 Middlewares\Third_Party\FreeRTOS\Source\portable\GCC\ARM_CM3\port.o
 .ARM.attributes
                0x0000017c       0x33 Middlewares\Third_Party\FreeRTOS\Source\portable\MemMang\heap_4.o
 .ARM.attributes
                0x000001af       0x33 Middlewares\Third_Party\FreeRTOS\Source\tasks.o
 .ARM.attributes
                0x000001e2       0x33 Src\main.o
 .ARM.attributes
                0x00000215       0x33 Src\stm32f1xx_hal_msp.o
 .ARM.attributes
                0x00000248       0x33 Src\stm32f1xx_it.o
 .ARM.attributes
                0x0000027b       0x33 Src\system_stm32f1xx.o
 .ARM.attributes
                0x000002ae       0x21 startup\startup_stm32f103xb.o
 .ARM.attributes
                0x000002cf       0x33 tracealyzer_realtime\SEGGER_RTT.o
 .ARM.attributes
                0x00000302       0x33 tracealyzer_realtime\trcKernelPort.o
 .ARM.attributes
                0x00000335       0x33 tracealyzer_realtime\trcStreamingRecorder.o
 .ARM.attributes
                0x00000368       0x2d c:/program files (x86)/atollic/truestudio for arm 7.1.2/armtools/bin/../lib/gcc/arm-atollic-eabi/5.3.1/../../../../arm-atollic-eabi/lib/armv7-m\libc_nano.a(lib_a-init.o)
 .ARM.attributes
                0x00000395       0x2d c:/program files (x86)/atollic/truestudio for arm 7.1.2/armtools/bin/../lib/gcc/arm-atollic-eabi/5.3.1/../../../../arm-atollic-eabi/lib/armv7-m\libc_nano.a(lib_a-memcpy-stub.o)
 .ARM.attributes
                0x000003c2       0x2d c:/program files (x86)/atollic/truestudio for arm 7.1.2/armtools/bin/../lib/gcc/arm-atollic-eabi/5.3.1/../../../../arm-atollic-eabi/lib/armv7-m\libc_nano.a(lib_a-memset.o)
 .ARM.attributes
                0x000003ef       0x2d c:/program files (x86)/atollic/truestudio for arm 7.1.2/armtools/bin/../lib/gcc/arm-atollic-eabi/5.3.1/../../../../arm-atollic-eabi/lib/armv7-m\libc_nano.a(lib_a-strcpy.o)
 .ARM.attributes
                0x0000041c       0x1d c:/program files (x86)/atollic/truestudio for arm 7.1.2/armtools/bin/../lib/gcc/arm-atollic-eabi/5.3.1/armv7-m/crtn.o
OUTPUT(D.elf elf32-littlearm)

.debug_info     0x00000000     0xbd61
 .debug_info    0x00000000      0x686 Drivers\STM32F1xx_HAL_Driver\Src\stm32f1xx_hal.o
 .debug_info    0x00000686      0xc21 Drivers\STM32F1xx_HAL_Driver\Src\stm32f1xx_hal_cortex.o
 .debug_info    0x000012a7     0x1240 Drivers\STM32F1xx_HAL_Driver\Src\stm32f1xx_hal_rcc.o
 .debug_info    0x000024e7     0x1aaf Middlewares\Third_Party\FreeRTOS\Source\CMSIS_RTOS\cmsis_os.o
 .debug_info    0x00003f96      0x2cc Middlewares\Third_Party\FreeRTOS\Source\list.o
 .debug_info    0x00004262      0x40f Middlewares\Third_Party\FreeRTOS\Source\portable\GCC\ARM_CM3\port.o
 .debug_info    0x00004671      0x437 Middlewares\Third_Party\FreeRTOS\Source\portable\MemMang\heap_4.o
 .debug_info    0x00004aa8     0x267e Middlewares\Third_Party\FreeRTOS\Source\tasks.o
 .debug_info    0x00007126      0x6fa Src\main.o
 .debug_info    0x00007820      0x432 Src\stm32f1xx_hal_msp.o
 .debug_info    0x00007c52      0x143 Src\stm32f1xx_it.o
 .debug_info    0x00007d95      0x3e7 Src\system_stm32f1xx.o
 .debug_info    0x0000817c       0x63 startup\startup_stm32f103xb.o
 .debug_info    0x000081df     0x1191 tracealyzer_realtime\SEGGER_RTT.o
 .debug_info    0x00009370      0x7df tracealyzer_realtime\trcKernelPort.o
 .debug_info    0x00009b4f     0x2212 tracealyzer_realtime\trcStreamingRecorder.o

.debug_abbrev   0x00000000     0x22cb
 .debug_abbrev  0x00000000      0x22e Drivers\STM32F1xx_HAL_Driver\Src\stm32f1xx_hal.o
 .debug_abbrev  0x0000022e      0x2ee Drivers\STM32F1xx_HAL_Driver\Src\stm32f1xx_hal_cortex.o
 .debug_abbrev  0x0000051c      0x2bf Drivers\STM32F1xx_HAL_Driver\Src\stm32f1xx_hal_rcc.o
 .debug_abbrev  0x000007db      0x371 Middlewares\Third_Party\FreeRTOS\Source\CMSIS_RTOS\cmsis_os.o
 .debug_abbrev  0x00000b4c       0xf6 Middlewares\Third_Party\FreeRTOS\Source\list.o
 .debug_abbrev  0x00000c42      0x21e Middlewares\Third_Party\FreeRTOS\Source\portable\GCC\ARM_CM3\port.o
 .debug_abbrev  0x00000e60      0x223 Middlewares\Third_Party\FreeRTOS\Source\portable\MemMang\heap_4.o
 .debug_abbrev  0x00001083      0x359 Middlewares\Third_Party\FreeRTOS\Source\tasks.o
 .debug_abbrev  0x000013dc      0x229 Src\main.o
 .debug_abbrev  0x00001605      0x121 Src\stm32f1xx_hal_msp.o
 .debug_abbrev  0x00001726       0xcf Src\stm32f1xx_it.o
 .debug_abbrev  0x000017f5      0x122 Src\system_stm32f1xx.o
 .debug_abbrev  0x00001917       0x12 startup\startup_stm32f103xb.o
 .debug_abbrev  0x00001929      0x25e tracealyzer_realtime\SEGGER_RTT.o
 .debug_abbrev  0x00001b87      0x2b6 tracealyzer_realtime\trcKernelPort.o
 .debug_abbrev  0x00001e3d      0x48e tracealyzer_realtime\trcStreamingRecorder.o

.debug_loc      0x00000000     0x6b7d
 .debug_loc     0x00000000       0x73 Drivers\STM32F1xx_HAL_Driver\Src\stm32f1xx_hal.o
 .debug_loc     0x00000073      0x48f Drivers\STM32F1xx_HAL_Driver\Src\stm32f1xx_hal_cortex.o
 .debug_loc     0x00000502      0x8a9 Drivers\STM32F1xx_HAL_Driver\Src\stm32f1xx_hal_rcc.o
 .debug_loc     0x00000dab      0xf81 Middlewares\Third_Party\FreeRTOS\Source\CMSIS_RTOS\cmsis_os.o
 .debug_loc     0x00001d2c       0x94 Middlewares\Third_Party\FreeRTOS\Source\list.o
 .debug_loc     0x00001dc0       0x8c Middlewares\Third_Party\FreeRTOS\Source\portable\GCC\ARM_CM3\port.o
 .debug_loc     0x00001e4c      0x35f Middlewares\Third_Party\FreeRTOS\Source\portable\MemMang\heap_4.o
 .debug_loc     0x000021ab     0x1a21 Middlewares\Third_Party\FreeRTOS\Source\tasks.o
 .debug_loc     0x00003bcc       0x78 Src\main.o
 .debug_loc     0x00003c44       0xaa Src\system_stm32f1xx.o
 .debug_loc     0x00003cee     0x1532 tracealyzer_realtime\SEGGER_RTT.o
 .debug_loc     0x00005220      0x11f tracealyzer_realtime\trcKernelPort.o
 .debug_loc     0x0000533f     0x183e tracealyzer_realtime\trcStreamingRecorder.o

.debug_aranges  0x00000000      0x930
 .debug_aranges
                0x00000000       0xa8 Drivers\STM32F1xx_HAL_Driver\Src\stm32f1xx_hal.o
 .debug_aranges
                0x000000a8       0x90 Drivers\STM32F1xx_HAL_Driver\Src\stm32f1xx_hal_cortex.o
 .debug_aranges
                0x00000138       0x88 Drivers\STM32F1xx_HAL_Driver\Src\stm32f1xx_hal_rcc.o
 .debug_aranges
                0x000001c0      0x178 Middlewares\Third_Party\FreeRTOS\Source\CMSIS_RTOS\cmsis_os.o
 .debug_aranges
                0x00000338       0x40 Middlewares\Third_Party\FreeRTOS\Source\list.o
 .debug_aranges
                0x00000378       0x90 Middlewares\Third_Party\FreeRTOS\Source\portable\GCC\ARM_CM3\port.o
 .debug_aranges
                0x00000408       0x48 Middlewares\Third_Party\FreeRTOS\Source\portable\MemMang\heap_4.o
 .debug_aranges
                0x00000450      0x180 Middlewares\Third_Party\FreeRTOS\Source\tasks.o
 .debug_aranges
                0x000005d0       0x40 Src\main.o
 .debug_aranges
                0x00000610       0x20 Src\stm32f1xx_hal_msp.o
 .debug_aranges
                0x00000630       0x48 Src\stm32f1xx_it.o
 .debug_aranges
                0x00000678       0x28 Src\system_stm32f1xx.o
 .debug_aranges
                0x000006a0       0x28 startup\startup_stm32f103xb.o
 .debug_aranges
                0x000006c8       0xf0 tracealyzer_realtime\SEGGER_RTT.o
 .debug_aranges
                0x000007b8       0x50 tracealyzer_realtime\trcKernelPort.o
 .debug_aranges
                0x00000808      0x128 tracealyzer_realtime\trcStreamingRecorder.o

.debug_ranges   0x00000000      0xdb0
 .debug_ranges  0x00000000       0x98 Drivers\STM32F1xx_HAL_Driver\Src\stm32f1xx_hal.o
 .debug_ranges  0x00000098      0x130 Drivers\STM32F1xx_HAL_Driver\Src\stm32f1xx_hal_cortex.o
 .debug_ranges  0x000001c8      0x148 Drivers\STM32F1xx_HAL_Driver\Src\stm32f1xx_hal_rcc.o
 .debug_ranges  0x00000310      0x180 Middlewares\Third_Party\FreeRTOS\Source\CMSIS_RTOS\cmsis_os.o
 .debug_ranges  0x00000490       0x30 Middlewares\Third_Party\FreeRTOS\Source\list.o
 .debug_ranges  0x000004c0       0x80 Middlewares\Third_Party\FreeRTOS\Source\portable\GCC\ARM_CM3\port.o
 .debug_ranges  0x00000540       0x38 Middlewares\Third_Party\FreeRTOS\Source\portable\MemMang\heap_4.o
 .debug_ranges  0x00000578      0x208 Middlewares\Third_Party\FreeRTOS\Source\tasks.o
 .debug_ranges  0x00000780       0xc0 Src\main.o
 .debug_ranges  0x00000840       0x30 Src\stm32f1xx_hal_msp.o
 .debug_ranges  0x00000870       0x38 Src\stm32f1xx_it.o
 .debug_ranges  0x000008a8       0x18 Src\system_stm32f1xx.o
 .debug_ranges  0x000008c0       0x20 startup\startup_stm32f103xb.o
 .debug_ranges  0x000008e0       0xf8 tracealyzer_realtime\SEGGER_RTT.o
 .debug_ranges  0x000009d8       0x58 tracealyzer_realtime\trcKernelPort.o
 .debug_ranges  0x00000a30      0x380 tracealyzer_realtime\trcStreamingRecorder.o

.debug_line     0x00000000     0x4843
 .debug_line    0x00000000      0x375 Drivers\STM32F1xx_HAL_Driver\Src\stm32f1xx_hal.o
 .debug_line    0x00000375      0x37a Drivers\STM32F1xx_HAL_Driver\Src\stm32f1xx_hal_cortex.o
 .debug_line    0x000006ef      0x79c Drivers\STM32F1xx_HAL_Driver\Src\stm32f1xx_hal_rcc.o
 .debug_line    0x00000e8b      0x79b Middlewares\Third_Party\FreeRTOS\Source\CMSIS_RTOS\cmsis_os.o
 .debug_line    0x00001626      0x26b Middlewares\Third_Party\FreeRTOS\Source\list.o
 .debug_line    0x00001891      0x37a Middlewares\Third_Party\FreeRTOS\Source\portable\GCC\ARM_CM3\port.o
 .debug_line    0x00001c0b      0x3ca Middlewares\Third_Party\FreeRTOS\Source\portable\MemMang\heap_4.o
 .debug_line    0x00001fd5      0xbf7 Middlewares\Third_Party\FreeRTOS\Source\tasks.o
 .debug_line    0x00002bcc      0x390 Src\main.o
 .debug_line    0x00002f5c      0x1dd Src\stm32f1xx_hal_msp.o
 .debug_line    0x00003139      0x21d Src\stm32f1xx_it.o
 .debug_line    0x00003356      0x1d0 Src\system_stm32f1xx.o
 .debug_line    0x00003526       0x7d startup\startup_stm32f103xb.o
 .debug_line    0x000035a3      0x52b tracealyzer_realtime\SEGGER_RTT.o
 .debug_line    0x00003ace      0x341 tracealyzer_realtime\trcKernelPort.o
 .debug_line    0x00003e0f      0xa34 tracealyzer_realtime\trcStreamingRecorder.o

.debug_str      0x00000000     0x3629
 .debug_str     0x00000000      0x6fb Drivers\STM32F1xx_HAL_Driver\Src\stm32f1xx_hal.o
                                0x756 (size before relaxing)
 .debug_str     0x000006fb      0x2e2 Drivers\STM32F1xx_HAL_Driver\Src\stm32f1xx_hal_cortex.o
                                0x8c0 (size before relaxing)
 .debug_str     0x000009dd      0x36d Drivers\STM32F1xx_HAL_Driver\Src\stm32f1xx_hal_rcc.o
                                0x61f (size before relaxing)
 .debug_str     0x00000d4a      0xa4f Middlewares\Third_Party\FreeRTOS\Source\CMSIS_RTOS\cmsis_os.o
                                0xc97 (size before relaxing)
 .debug_str     0x00001799      0x14f Middlewares\Third_Party\FreeRTOS\Source\list.o
                                0x305 (size before relaxing)
 .debug_str     0x000018e8      0x20b Middlewares\Third_Party\FreeRTOS\Source\portable\GCC\ARM_CM3\port.o
                                0x465 (size before relaxing)
 .debug_str     0x00001af3      0x1fc Middlewares\Third_Party\FreeRTOS\Source\portable\MemMang\heap_4.o
                                0x3fa (size before relaxing)
 .debug_str     0x00001cef      0xa4d Middlewares\Third_Party\FreeRTOS\Source\tasks.o
                               0x1043 (size before relaxing)
 .debug_str     0x0000273c       0x5a Src\main.o
                                0x70c (size before relaxing)
 .debug_str     0x00002796       0x4b Src\stm32f1xx_hal_msp.o
                                0x536 (size before relaxing)
 .debug_str     0x000027e1       0x7f Src\stm32f1xx_it.o
                                0x21c (size before relaxing)
 .debug_str     0x00002860       0x4d Src\system_stm32f1xx.o
                                0x2c2 (size before relaxing)
 .debug_str     0x000028ad      0x3ef tracealyzer_realtime\SEGGER_RTT.o
                                0x56a (size before relaxing)
 .debug_str     0x00002c9c      0x27f tracealyzer_realtime\trcKernelPort.o
                                0x5c1 (size before relaxing)
 .debug_str     0x00002f1b      0x70e tracealyzer_realtime\trcStreamingRecorder.o
                                0xbcf (size before relaxing)

.comment        0x00000000       0x7e
 .comment       0x00000000       0x7e Drivers\STM32F1xx_HAL_Driver\Src\stm32f1xx_hal.o
                                 0x7f (size before relaxing)
 .comment       0x0000007e       0x7f Drivers\STM32F1xx_HAL_Driver\Src\stm32f1xx_hal_cortex.o
 .comment       0x0000007e       0x7f Drivers\STM32F1xx_HAL_Driver\Src\stm32f1xx_hal_rcc.o
 .comment       0x0000007e       0x7f Middlewares\Third_Party\FreeRTOS\Source\CMSIS_RTOS\cmsis_os.o
 .comment       0x0000007e       0x7f Middlewares\Third_Party\FreeRTOS\Source\list.o
 .comment       0x0000007e       0x7f Middlewares\Third_Party\FreeRTOS\Source\portable\GCC\ARM_CM3\port.o
 .comment       0x0000007e       0x7f Middlewares\Third_Party\FreeRTOS\Source\portable\MemMang\heap_4.o
 .comment       0x0000007e       0x7f Middlewares\Third_Party\FreeRTOS\Source\tasks.o
 .comment       0x0000007e       0x7f Src\main.o
 .comment       0x0000007e       0x7f Src\stm32f1xx_hal_msp.o
 .comment       0x0000007e       0x7f Src\stm32f1xx_it.o
 .comment       0x0000007e       0x7f Src\system_stm32f1xx.o
 .comment       0x0000007e       0x7f tracealyzer_realtime\SEGGER_RTT.o
 .comment       0x0000007e       0x7f tracealyzer_realtime\trcKernelPort.o
 .comment       0x0000007e       0x7f tracealyzer_realtime\trcStreamingRecorder.o

.debug_frame    0x00000000     0x1a0c
 .debug_frame   0x00000000      0x164 Drivers\STM32F1xx_HAL_Driver\Src\stm32f1xx_hal.o
 .debug_frame   0x00000164      0x120 Drivers\STM32F1xx_HAL_Driver\Src\stm32f1xx_hal_cortex.o
 .debug_frame   0x00000284      0x14c Drivers\STM32F1xx_HAL_Driver\Src\stm32f1xx_hal_rcc.o
 .debug_frame   0x000003d0      0x468 Middlewares\Third_Party\FreeRTOS\Source\CMSIS_RTOS\cmsis_os.o
 .debug_frame   0x00000838       0x6c Middlewares\Third_Party\FreeRTOS\Source\list.o
 .debug_frame   0x000008a4      0x144 Middlewares\Third_Party\FreeRTOS\Source\portable\GCC\ARM_CM3\port.o
 .debug_frame   0x000009e8       0x9c Middlewares\Third_Party\FreeRTOS\Source\portable\MemMang\heap_4.o
 .debug_frame   0x00000a84      0x574 Middlewares\Third_Party\FreeRTOS\Source\tasks.o
 .debug_frame   0x00000ff8       0x88 Src\main.o
 .debug_frame   0x00001080       0x28 Src\stm32f1xx_hal_msp.o
 .debug_frame   0x000010a8       0x8c Src\stm32f1xx_it.o
 .debug_frame   0x00001134       0x30 Src\system_stm32f1xx.o
 .debug_frame   0x00001164      0x348 tracealyzer_realtime\SEGGER_RTT.o
 .debug_frame   0x000014ac       0xdc tracealyzer_realtime\trcKernelPort.o
 .debug_frame   0x00001588      0x3f0 tracealyzer_realtime\trcStreamingRecorder.o
 .debug_frame   0x00001978       0x2c c:/program files (x86)/atollic/truestudio for arm 7.1.2/armtools/bin/../lib/gcc/arm-atollic-eabi/5.3.1/../../../../arm-atollic-eabi/lib/armv7-m\libc_nano.a(lib_a-init.o)
 .debug_frame   0x000019a4       0x28 c:/program files (x86)/atollic/truestudio for arm 7.1.2/armtools/bin/../lib/gcc/arm-atollic-eabi/5.3.1/../../../../arm-atollic-eabi/lib/armv7-m\libc_nano.a(lib_a-memcpy-stub.o)
 .debug_frame   0x000019cc       0x20 c:/program files (x86)/atollic/truestudio for arm 7.1.2/armtools/bin/../lib/gcc/arm-atollic-eabi/5.3.1/../../../../arm-atollic-eabi/lib/armv7-m\libc_nano.a(lib_a-memset.o)
 .debug_frame   0x000019ec       0x20 c:/program files (x86)/atollic/truestudio for arm 7.1.2/armtools/bin/../lib/gcc/arm-atollic-eabi/5.3.1/../../../../arm-atollic-eabi/lib/armv7-m\libc_nano.a(lib_a-strcpy.o)
