Archive member included to satisfy reference by file (symbol)

c:/program files (x86)/atollic/truestudio for arm 7.1.2/armtools/bin/../lib/gcc/arm-atollic-eabi/5.3.1/../../../../arm-atollic-eabi/lib/armv7-m\libc_nano.a(lib_a-init.o)
                              startup\startup_stm32f103xb.o (__libc_init_array)
c:/program files (x86)/atollic/truestudio for arm 7.1.2/armtools/bin/../lib/gcc/arm-atollic-eabi/5.3.1/../../../../arm-atollic-eabi/lib/armv7-m\libc_nano.a(lib_a-memcpy-stub.o)
                              Middlewares\Third_Party\FreeRTOS\Source\queue.o (memcpy)
c:/program files (x86)/atollic/truestudio for arm 7.1.2/armtools/bin/../lib/gcc/arm-atollic-eabi/5.3.1/../../../../arm-atollic-eabi/lib/armv7-m\libc_nano.a(lib_a-memset.o)
                              Drivers\STM32F1xx_HAL_Driver\Src\stm32f1xx_hal_rcc.o (memset)
c:/program files (x86)/atollic/truestudio for arm 7.1.2/armtools/bin/../lib/gcc/arm-atollic-eabi/5.3.1/../../../../arm-atollic-eabi/lib/armv7-m\libc_nano.a(lib_a-strcpy.o)
                              tracealyzer_realtime\SEGGER_RTT.o (strcpy)
c:/program files (x86)/atollic/truestudio for arm 7.1.2/armtools/bin/../lib/gcc/arm-atollic-eabi/5.3.1/../../../../arm-atollic-eabi/lib/armv7-m\libc_nano.a(lib_a-strlen.o)
                              tracealyzer_realtime\SEGGER_RTT.o (strlen)
c:/program files (x86)/atollic/truestudio for arm 7.1.2/armtools/bin/../lib/gcc/arm-atollic-eabi/5.3.1/armv7-m\libgcc.a(_lshrdi3.o)
                              Drivers\STM32F1xx_HAL_Driver\Src\stm32f1xx_hal_flash.o (__aeabi_llsr)

Allocating common symbols
Common symbol       size              file

xQueueRegistry      0x40              Middlewares\Third_Party\FreeRTOS\Source\queue.o
pFlash              0x20              Drivers\STM32F1xx_HAL_Driver\Src\stm32f1xx_hal_flash.o
PageInfo            0x10              tracealyzer_realtime\trcStreamingRecorder.o
huart1              0x40              Src\main.o
_TzTraceData        0x3e8             tracealyzer_realtime\trcKernelPort.o
htim2               0x3c              Src\main.o
_SEGGER_RTT         0xa8              tracealyzer_realtime\SEGGER_RTT.o
trcWarningChannel   0x4               tracealyzer_realtime\trcKernelPort.o

Discarded input sections

 .text          0x00000000        0x0 c:/program files (x86)/atollic/truestudio for arm 7.1.2/armtools/bin/../lib/gcc/arm-atollic-eabi/5.3.1/armv7-m/crti.o
 .data          0x00000000        0x0 c:/program files (x86)/atollic/truestudio for arm 7.1.2/armtools/bin/../lib/gcc/arm-atollic-eabi/5.3.1/armv7-m/crti.o
 .bss           0x00000000        0x0 c:/program files (x86)/atollic/truestudio for arm 7.1.2/armtools/bin/../lib/gcc/arm-atollic-eabi/5.3.1/armv7-m/crti.o
 .data          0x00000000        0x4 c:/program files (x86)/atollic/truestudio for arm 7.1.2/armtools/bin/../lib/gcc/arm-atollic-eabi/5.3.1/armv7-m/crtbegin.o
 .text          0x00000000        0x0 Drivers\STM32F1xx_HAL_Driver\Src\stm32f1xx_hal.o
 .data          0x00000000        0x0 Drivers\STM32F1xx_HAL_Driver\Src\stm32f1xx_hal.o
 .bss           0x00000000        0x0 Drivers\STM32F1xx_HAL_Driver\Src\stm32f1xx_hal.o
 .text.HAL_MspInit
                0x00000000        0x2 Drivers\STM32F1xx_HAL_Driver\Src\stm32f1xx_hal.o
 .text.HAL_MspDeInit
                0x00000000        0x2 Drivers\STM32F1xx_HAL_Driver\Src\stm32f1xx_hal.o
 .text.HAL_DeInit
                0x00000000       0x20 Drivers\STM32F1xx_HAL_Driver\Src\stm32f1xx_hal.o
 .text.HAL_SuspendTick
                0x00000000       0x10 Drivers\STM32F1xx_HAL_Driver\Src\stm32f1xx_hal.o
 .text.HAL_ResumeTick
                0x00000000       0x10 Drivers\STM32F1xx_HAL_Driver\Src\stm32f1xx_hal.o
 .text.HAL_GetHalVersion
                0x00000000        0x8 Drivers\STM32F1xx_HAL_Driver\Src\stm32f1xx_hal.o
 .text.HAL_GetREVID
                0x00000000       0x1c Drivers\STM32F1xx_HAL_Driver\Src\stm32f1xx_hal.o
 .text.HAL_GetDEVID
                0x00000000       0x10 Drivers\STM32F1xx_HAL_Driver\Src\stm32f1xx_hal.o
 .text.HAL_DBGMCU_EnableDBGSleepMode
                0x00000000       0x10 Drivers\STM32F1xx_HAL_Driver\Src\stm32f1xx_hal.o
 .text.HAL_DBGMCU_DisableDBGSleepMode
                0x00000000       0x10 Drivers\STM32F1xx_HAL_Driver\Src\stm32f1xx_hal.o
 .text.HAL_DBGMCU_EnableDBGStopMode
                0x00000000       0x10 Drivers\STM32F1xx_HAL_Driver\Src\stm32f1xx_hal.o
 .text.HAL_DBGMCU_DisableDBGStopMode
                0x00000000       0x10 Drivers\STM32F1xx_HAL_Driver\Src\stm32f1xx_hal.o
 .text.HAL_DBGMCU_EnableDBGStandbyMode
                0x00000000       0x10 Drivers\STM32F1xx_HAL_Driver\Src\stm32f1xx_hal.o
 .text.HAL_DBGMCU_DisableDBGStandbyMode
                0x00000000       0x10 Drivers\STM32F1xx_HAL_Driver\Src\stm32f1xx_hal.o
 .text          0x00000000        0x0 Drivers\STM32F1xx_HAL_Driver\Src\stm32f1xx_hal_cortex.o
 .data          0x00000000        0x0 Drivers\STM32F1xx_HAL_Driver\Src\stm32f1xx_hal_cortex.o
[...]
Memory Configuration

Name             Origin             Length             Attributes
RAM              0x20000000         0x00005000         xrw
FLASH            0x08000000         0x00010000         xr
*default*        0x00000000         0xffffffff

Linker script and memory map

LOAD c:/program files (x86)/atollic/truestudio for arm 7.1.2/armtools/bin/../lib/gcc/arm-atollic-eabi/5.3.1/armv7-m/crti.o
LOAD c:/program files (x86)/atollic/truestudio for arm 7.1.2/armtools/bin/../lib/gcc/arm-atollic-eabi/5.3.1/armv7-m/crtbegin.o
LOAD Drivers\STM32F1xx_HAL_Driver\Src\stm32f1xx_hal.o
LOAD Drivers\STM32F1xx_HAL_Driver\Src\stm32f1xx_hal_cortex.o
LOAD Drivers\STM32F1xx_HAL_Driver\Src\stm32f1xx_hal_dma.o
LOAD Drivers\STM32F1xx_HAL_Driver\Src\stm32f1xx_hal_flash.o
LOAD Drivers\STM32F1xx_HAL_Driver\Src\stm32f1xx_hal_flash_ex.o
LOAD Drivers\STM32F1xx_HAL_Driver\Src\stm32f1xx_hal_gpio.o
LOAD Drivers\STM32F1xx_HAL_Driver\Src\stm32f1xx_hal_gpio_ex.o
LOAD Drivers\STM32F1xx_HAL_Driver\Src\stm32f1xx_hal_pwr.o
LOAD Drivers\STM32F1xx_HAL_Driver\Src\stm32f1xx_hal_rcc.o
LOAD Drivers\STM32F1xx_HAL_Driver\Src\stm32f1xx_hal_rcc_ex.o
LOAD Drivers\STM32F1xx_HAL_Driver\Src\stm32f1xx_hal_tim.o
LOAD Drivers\STM32F1xx_HAL_Driver\Src\stm32f1xx_hal_tim_ex.o
LOAD Drivers\STM32F1xx_HAL_Driver\Src\stm32f1xx_hal_uart.o
LOAD Middlewares\Third_Party\FreeRTOS\Source\CMSIS_RTOS\cmsis_os.o
LOAD Middlewares\Third_Party\FreeRTOS\Source\croutine.o
LOAD Middlewares\Third_Party\FreeRTOS\Source\event_groups.o
LOAD Middlewares\Third_Party\FreeRTOS\Source\list.o
LOAD Middlewares\Third_Party\FreeRTOS\Source\portable\GCC\ARM_CM3\port.o
LOAD Middlewares\Third_Party\FreeRTOS\Source\portable\MemMang\heap_4.o
LOAD Middlewares\Third_Party\FreeRTOS\Source\queue.o
LOAD Middlewares\Third_Party\FreeRTOS\Source\tasks.o
LOAD Middlewares\Third_Party\FreeRTOS\Source\timers.o
LOAD Src\code\controller.o
LOAD Src\freertos.o
LOAD Src\main.o
LOAD Src\stm32f1xx_hal_msp.o
LOAD Src\stm32f1xx_it.o
LOAD Src\system_stm32f1xx.o
LOAD startup\startup_stm32f103xb.o
LOAD tracealyzer_realtime\SEGGER_RTT.o
LOAD tracealyzer_realtime\SEGGER_RTT_Printf.o
LOAD tracealyzer_realtime\trcKernelPort.o
LOAD tracealyzer_realtime\trcStreamingRecorder.o
START GROUP
LOAD c:/program files (x86)/atollic/truestudio for arm 7.1.2/armtools/bin/../lib/gcc/arm-atollic-eabi/5.3.1/../../../../arm-atollic-eabi/lib/armv7-m\libc_nano.a
LOAD c:/program files (x86)/atollic/truestudio for arm 7.1.2/armtools/bin/../lib/gcc/arm-atollic-eabi/5.3.1/../../../../arm-atollic-eabi/lib/armv7-m\libm.a
END GROUP
                0x00000080                malloc_getpagesize_P = 0x80
START GROUP
LOAD c:/program files (x86)/atollic/truestudio for arm 7.1.2/armtools/bin/../lib/gcc/arm-atollic-eabi/5.3.1/armv7-m\libgcc.a
LOAD c:/program files (x86)/atollic/truestudio for arm 7.1.2/armtools/bin/../lib/gcc/arm-atollic-eabi/5.3.1/../../../../arm-atollic-eabi/lib/armv7-m\libc_nano.a
END GROUP
START GROUP
LOAD c:/program files (x86)/atollic/truestudio for arm 7.1.2/armtools/bin/../lib/gcc/arm-atollic-eabi/5.3.1/armv7-m\libgcc.a
LOAD c:/program files (x86)/atollic/truestudio for arm 7.1.2/armtools/bin/../lib/gcc/arm-atollic-eabi/5.3.1/../../../../arm-atollic-eabi/lib/armv7-m\libc_nano.a
LOAD c:/program files (x86)/atollic/truestudio for arm 7.1.2/armtools/bin/../lib/gcc/arm-atollic-eabi/5.3.1/../../../../arm-atollic-eabi/lib/armv7-m\libnosys.a
END GROUP
START GROUP
LOAD c:/program files (x86)/atollic/truestudio for arm 7.1.2/armtools/bin/../lib/gcc/arm-atollic-eabi/5.3.1/armv7-m\libgcc.a
LOAD c:/program files (x86)/atollic/truestudio for arm 7.1.2/armtools/bin/../lib/gcc/arm-atollic-eabi/5.3.1/../../../../arm-atollic-eabi/lib/armv7-m\libc_nano.a
LOAD c:/program files (x86)/atollic/truestudio for arm 7.1.2/armtools/bin/../lib/gcc/arm-atollic-eabi/5.3.1/../../../../arm-atollic-eabi/lib/armv7-m\libnosys.a
END GROUP
LOAD c:/program files (x86)/atollic/truestudio for arm 7.1.2/armtools/bin/../lib/gcc/arm-atollic-eabi/5.3.1/armv7-m/crtend.o
LOAD c:/program files (x86)/atollic/truestudio for arm 7.1.2/armtools/bin/../lib/gcc/arm-atollic-eabi/5.3.1/armv7-m/crtn.o
                0x20005000                _estack = 0x20005000
                0x00000200                _Min_Heap_Size = 0x200
                0x00000400                _Min_Stack_Size = 0x400

.isr_vector     0x08000000      0x10c
                0x08000000                . = ALIGN (0x4)
 *(.isr_vector)
 .isr_vector    0x08000000      0x10c startup\startup_stm32f103xb.o
                0x08000000                g_pfnVectors
                0x0800010c                . = ALIGN (0x4)

.text           0x0800010c     0x2980
                0x0800010c                . = ALIGN (0x4)
 *(.text)
 .text          0x0800010c       0x40 c:/program files (x86)/atollic/truestudio for arm 7.1.2/armtools/bin/../lib/gcc/arm-atollic-eabi/5.3.1/armv7-m/crtbegin.o
 *(.text*)
 .text.HAL_InitTick
                0x0800014c       0x24 Drivers\STM32F1xx_HAL_Driver\Src\stm32f1xx_hal.o
                0x0800014c                HAL_InitTick
 .text.HAL_Init
                0x08000170       0x24 Drivers\STM32F1xx_HAL_Driver\Src\stm32f1xx_hal.o
                0x08000170                HAL_Init
 .text.HAL_IncTick
                0x08000194       0x10 Drivers\STM32F1xx_HAL_Driver\Src\stm32f1xx_hal.o
                0x08000194                HAL_IncTick
 .text.HAL_GetTick
                0x080001a4        0xc Drivers\STM32F1xx_HAL_Driver\Src\stm32f1xx_hal.o
                0x080001a4                HAL_GetTick
 .text.HAL_Delay
                0x080001b0       0x1a Drivers\STM32F1xx_HAL_Driver\Src\stm32f1xx_hal.o
                0x080001b0                HAL_Delay
 *fill*         0x080001ca        0x2 
 .text.HAL_NVIC_SetPriorityGrouping
                0x080001cc       0x24 Drivers\STM32F1xx_HAL_Driver\Src\stm32f1xx_hal_cortex.o
                0x080001cc                HAL_NVIC_SetPriorityGrouping
 .text.HAL_NVIC_SetPriority
                0x080001f0       0x68 Drivers\STM32F1xx_HAL_Driver\Src\stm32f1xx_hal_cortex.o
                0x080001f0                HAL_NVIC_SetPriority
 .text.HAL_SYSTICK_Config
                0x08000258       0x2c Drivers\STM32F1xx_HAL_Driver\Src\stm32f1xx_hal_cortex.o
                0x08000258                HAL_SYSTICK_Config
 .text.HAL_SYSTICK_CLKSourceConfig
                0x08000284       0x18 Drivers\STM32F1xx_HAL_Driver\Src\stm32f1xx_hal_cortex.o
                0x08000284                HAL_SYSTICK_CLKSourceConfig
 .text.HAL_GPIO_Init
                0x0800029c      0x1b0 Drivers\STM32F1xx_HAL_Driver\Src\stm32f1xx_hal_gpio.o
                0x0800029c                HAL_GPIO_Init
 .text.HAL_RCC_OscConfig
                0x0800044c      0x4c0 Drivers\STM32F1xx_HAL_Driver\Src\stm32f1xx_hal_rcc.o
                0x0800044c                HAL_RCC_OscConfig
 .text.HAL_RCC_GetSysClockFreq
                0x0800090c       0x90 Drivers\STM32F1xx_HAL_Driver\Src\stm32f1xx_hal_rcc.o
                0x0800090c                HAL_RCC_GetSysClockFreq
 .text.HAL_RCC_ClockConfig
                0x0800099c      0x164 Drivers\STM32F1xx_HAL_Driver\Src\stm32f1xx_hal_rcc.o
                0x0800099c                HAL_RCC_ClockConfig
 .text.HAL_RCC_GetHCLKFreq
                0x08000b00        0xc Drivers\STM32F1xx_HAL_Driver\Src\stm32f1xx_hal_rcc.o
                0x08000b00                HAL_RCC_GetHCLKFreq
 .text.HAL_RCC_GetPCLK1Freq
                0x08000b0c       0x30 Drivers\STM32F1xx_HAL_Driver\Src\stm32f1xx_hal_rcc.o
                0x08000b0c                HAL_RCC_GetPCLK1Freq
 .text.HAL_RCC_GetPCLK2Freq
                0x08000b3c       0x30 Drivers\STM32F1xx_HAL_Driver\Src\stm32f1xx_hal_rcc.o
                0x08000b3c                HAL_RCC_GetPCLK2Freq
 .text.HAL_TIM_ConfigClockSource
                0x08000b6c      0x174 Drivers\STM32F1xx_HAL_Driver\Src\stm32f1xx_hal_tim.o
                0x08000b6c                HAL_TIM_ConfigClockSource
 .text.TIM_Base_SetConfig
                0x08000ce0       0x68 Drivers\STM32F1xx_HAL_Driver\Src\stm32f1xx_hal_tim.o
                0x08000ce0                TIM_Base_SetConfig
 .text.HAL_TIM_Base_Init
                0x08000d48       0x34 Drivers\STM32F1xx_HAL_Driver\Src\stm32f1xx_hal_tim.o
                0x08000d48                HAL_TIM_Base_Init
 .text.HAL_TIMEx_MasterConfigSynchronization
                0x08000d7c       0x44 Drivers\STM32F1xx_HAL_Driver\Src\stm32f1xx_hal_tim_ex.o
                0x08000d7c                HAL_TIMEx_MasterConfigSynchronization
 .text.UART_SetConfig
                0x08000dc0      0x134 Drivers\STM32F1xx_HAL_Driver\Src\stm32f1xx_hal_uart.o
 .text.HAL_UART_Init
                0x08000ef4       0x58 Drivers\STM32F1xx_HAL_Driver\Src\stm32f1xx_hal_uart.o
                0x08000ef4                HAL_UART_Init
 .text.osSystickHandler
                0x08000f4c       0x14 Middlewares\Third_Party\FreeRTOS\Source\CMSIS_RTOS\cmsis_os.o
                0x08000f4c                osSystickHandler
 .text.vListInitialise
                0x08000f60       0x16 Middlewares\Third_Party\FreeRTOS\Source\list.o
                0x08000f60                vListInitialise
 .text.vListInitialiseItem
                0x08000f76        0x6 Middlewares\Third_Party\FreeRTOS\Source\list.o
                0x08000f76                vListInitialiseItem
 .text.vListInsertEnd
                0x08000f7c       0x18 Middlewares\Third_Party\FreeRTOS\Source\list.o
                0x08000f7c                vListInsertEnd
 .text.vListInsert
                0x08000f94       0x30 Middlewares\Third_Party\FreeRTOS\Source\list.o
                0x08000f94                vListInsert
 .text.uxListRemove
                0x08000fc4       0x20 Middlewares\Third_Party\FreeRTOS\Source\list.o
                0x08000fc4                uxListRemove
 .text.prvPortStartFirstTask
                0x08000fe4       0x20 Middlewares\Third_Party\FreeRTOS\Source\portable\GCC\ARM_CM3\port.o
 .text.pxPortInitialiseStack
                0x08001004       0x1c Middlewares\Third_Party\FreeRTOS\Source\portable\GCC\ARM_CM3\port.o
                0x08001004                pxPortInitialiseStack
 .text.SVC_Handler
                0x08001020       0x24 Middlewares\Third_Party\FreeRTOS\Source\portable\GCC\ARM_CM3\port.o
                0x08001020                SVC_Handler
 .text.vPortYield
                0x08001044       0x18 Middlewares\Third_Party\FreeRTOS\Source\portable\GCC\ARM_CM3\port.o
                0x08001044                vPortYield
 .text.ulPortSetInterruptMask
                0x0800105c       0x10 Middlewares\Third_Party\FreeRTOS\Source\portable\GCC\ARM_CM3\port.o
                0x0800105c                ulPortSetInterruptMask
 .text.prvTaskExitError
                0x0800106c       0x1c Middlewares\Third_Party\FreeRTOS\Source\portable\GCC\ARM_CM3\port.o
 .text.vPortEnterCritical
                0x08001088       0x34 Middlewares\Third_Party\FreeRTOS\Source\portable\GCC\ARM_CM3\port.o
                0x08001088                vPortEnterCritical
 .text.vPortClearInterruptMask
                0x080010bc        0x6 Middlewares\Third_Party\FreeRTOS\Source\portable\GCC\ARM_CM3\port.o
                0x080010bc                vPortClearInterruptMask
 *fill*         0x080010c2        0x2 
 .text.vPortExitCritical
                0x080010c4       0x24 Middlewares\Third_Party\FreeRTOS\Source\portable\GCC\ARM_CM3\port.o
                0x080010c4                vPortExitCritical
 .text.PendSV_Handler
                0x080010e8       0x44 Middlewares\Third_Party\FreeRTOS\Source\portable\GCC\ARM_CM3\port.o
                0x080010e8                PendSV_Handler
 .text.xPortSysTickHandler
                0x0800112c       0x24 Middlewares\Third_Party\FreeRTOS\Source\portable\GCC\ARM_CM3\port.o
                0x0800112c                xPortSysTickHandler
 .text.vPortSetupTimerInterrupt
                0x08001150       0x28 Middlewares\Third_Party\FreeRTOS\Source\portable\GCC\ARM_CM3\port.o
                0x08001150                vPortSetupTimerInterrupt
 .text.xPortStartScheduler
                0x08001178       0x94 Middlewares\Third_Party\FreeRTOS\Source\portable\GCC\ARM_CM3\port.o
                0x08001178                xPortStartScheduler
 .text.prvInsertBlockIntoFreeList
                0x0800120c       0x48 Middlewares\Third_Party\FreeRTOS\Source\portable\MemMang\heap_4.o
 .text.pvPortMalloc
                0x08001254      0x11c Middlewares\Third_Party\FreeRTOS\Source\portable\MemMang\heap_4.o
                0x08001254                pvPortMalloc
 .text.vPortFree
                0x08001370       0x60 Middlewares\Third_Party\FreeRTOS\Source\portable\MemMang\heap_4.o
                0x08001370                vPortFree
 .text.prvResetNextTaskUnblockTime
                0x080013d0       0x24 Middlewares\Third_Party\FreeRTOS\Source\tasks.o
 .text.prvAddCurrentTaskToDelayedList
                0x080013f4       0x50 Middlewares\Third_Party\FreeRTOS\Source\tasks.o
 .text.xTaskGenericCreate
                0x08001444      0x1f0 Middlewares\Third_Party\FreeRTOS\Source\tasks.o
                0x08001444                xTaskGenericCreate
 .text.vTaskStartScheduler
                0x08001634       0x60 Middlewares\Third_Party\FreeRTOS\Source\tasks.o
                0x08001634                vTaskStartScheduler
 .text.vTaskSuspendAll
                0x08001694       0x10 Middlewares\Third_Party\FreeRTOS\Source\tasks.o
                0x08001694                vTaskSuspendAll
 .text.xTaskIncrementTick
                0x080016a4      0x14c Middlewares\Third_Party\FreeRTOS\Source\tasks.o
                0x080016a4                xTaskIncrementTick
 .text.xTaskResumeAll
                0x080017f0       0xd8 Middlewares\Third_Party\FreeRTOS\Source\tasks.o
                0x080017f0                xTaskResumeAll
 .text.vTaskDelay
                0x080018c8       0x6c Middlewares\Third_Party\FreeRTOS\Source\tasks.o
                0x080018c8                vTaskDelay
 .text.prvIdleTask
                0x08001934       0x68 Middlewares\Third_Party\FreeRTOS\Source\tasks.o
 .text.vTaskSwitchContext
                0x0800199c       0x84 Middlewares\Third_Party\FreeRTOS\Source\tasks.o
                0x0800199c                vTaskSwitchContext
 .text.xTaskGetCurrentTaskHandle
                0x08001a20        0xc Middlewares\Third_Party\FreeRTOS\Source\tasks.o
                0x08001a20                xTaskGetCurrentTaskHandle
 .text.xTaskGetSchedulerState
                0x08001a2c       0x20 Middlewares\Third_Party\FreeRTOS\Source\tasks.o
                0x08001a2c                xTaskGetSchedulerState
 .text.TIM2_IRQHandler
                0x08001a4c        0x2 Src\code\controller.o
                0x08001a4c                TIM2_IRQHandler
 .text.task1    0x08001a4e        0xa Src\main.o
                0x08001a4e                task1
 .text.task2    0x08001a58       0x12 Src\main.o
                0x08001a58                task2
 .text.SystemClock_Config
                0x08001a6a       0x6c Src\main.o
                0x08001a6a                SystemClock_Config
 *fill*         0x08001ad6        0x2 
 .text.startup.main
                0x08001ad8       0xf0 Src\main.o
                0x08001ad8                main
 .text.HAL_MspInit
                0x08001bc8       0x8c Src\stm32f1xx_hal_msp.o
                0x08001bc8                HAL_MspInit
 .text.HAL_TIM_Base_MspInit
                0x08001c54       0x24 Src\stm32f1xx_hal_msp.o
                0x08001c54                HAL_TIM_Base_MspInit
 .text.HAL_UART_MspInit
                0x08001c78       0x58 Src\stm32f1xx_hal_msp.o
                0x08001c78                HAL_UART_MspInit
 .text.NMI_Handler
                0x08001cd0        0x2 Src\stm32f1xx_it.o
                0x08001cd0                NMI_Handler
 .text.HardFault_Handler
                0x08001cd2        0x2 Src\stm32f1xx_it.o
                0x08001cd2                HardFault_Handler
 .text.MemManage_Handler
                0x08001cd4        0x2 Src\stm32f1xx_it.o
                0x08001cd4                MemManage_Handler
 .text.BusFault_Handler
                0x08001cd6        0x2 Src\stm32f1xx_it.o
                0x08001cd6                BusFault_Handler
 .text.UsageFault_Handler
                0x08001cd8        0x2 Src\stm32f1xx_it.o
                0x08001cd8                UsageFault_Handler
 .text.DebugMon_Handler
                0x08001cda        0x2 Src\stm32f1xx_it.o
                0x08001cda                DebugMon_Handler
 .text.SysTick_Handler
                0x08001cdc        0xe Src\stm32f1xx_it.o
                0x08001cdc                SysTick_Handler
 *fill*         0x08001cea        0x2 
 .text.SystemInit
                0x08001cec       0x4c Src\system_stm32f1xx.o
                0x08001cec                SystemInit
 .text.Reset_Handler
                0x08001d38       0x48 startup\startup_stm32f103xb.o
                0x08001d38                Reset_Handler
 .text.Default_Handler
                0x08001d80        0x2 startup\startup_stm32f103xb.o
                0x08001d80                RTC_Alarm_IRQHandler
                0x08001d80                EXTI2_IRQHandler
                0x08001d80                TIM1_CC_IRQHandler
                0x08001d80                PVD_IRQHandler
                0x08001d80                EXTI3_IRQHandler
                0x08001d80                EXTI0_IRQHandler
                0x08001d80                I2C2_EV_IRQHandler
                0x08001d80                ADC1_2_IRQHandler
                0x08001d80                SPI1_IRQHandler
                0x08001d80                TAMPER_IRQHandler
                0x08001d80                DMA1_Channel4_IRQHandler
                0x08001d80                USART3_IRQHandler
                0x08001d80                RTC_IRQHandler
                0x08001d80                DMA1_Channel7_IRQHandler
                0x08001d80                CAN1_RX1_IRQHandler
                0x08001d80                TIM4_IRQHandler
                0x08001d80                I2C1_EV_IRQHandler
                0x08001d80                DMA1_Channel6_IRQHandler
                0x08001d80                TIM3_IRQHandler
                0x08001d80                RCC_IRQHandler
                0x08001d80                TIM1_TRG_COM_IRQHandler
                0x08001d80                DMA1_Channel1_IRQHandler
                0x08001d80                Default_Handler
                0x08001d80                EXTI15_10_IRQHandler
                0x08001d80                EXTI9_5_IRQHandler
                0x08001d80                SPI2_IRQHandler
                0x08001d80                DMA1_Channel5_IRQHandler
                0x08001d80                EXTI4_IRQHandler
                0x08001d80                USB_LP_CAN1_RX0_IRQHandler
                0x08001d80                USB_HP_CAN1_TX_IRQHandler
                0x08001d80                DMA1_Channel3_IRQHandler
                0x08001d80                TIM1_UP_IRQHandler
                0x08001d80                WWDG_IRQHandler
                0x08001d80                TIM1_BRK_IRQHandler
                0x08001d80                EXTI1_IRQHandler
                0x08001d80                USART2_IRQHandler
                0x08001d80                I2C2_ER_IRQHandler
                0x08001d80                DMA1_Channel2_IRQHandler
                0x08001d80                CAN1_SCE_IRQHandler
                0x08001d80                FLASH_IRQHandler
                0x08001d80                USART1_IRQHandler
                0x08001d80                I2C1_ER_IRQHandler
                0x08001d80                USBWakeUp_IRQHandler
 .text._GetAvailWriteSpace
                0x08001d82       0x18 tracealyzer_realtime\SEGGER_RTT.o
 .text._WriteNoCheck
                0x08001d9a       0x3c tracealyzer_realtime\SEGGER_RTT.o
 .text._WriteBlocking
                0x08001dd6       0x52 tracealyzer_realtime\SEGGER_RTT.o
 .text._DoInit  0x08001e28       0x5c tracealyzer_realtime\SEGGER_RTT.o
 .text.SEGGER_RTT_ReadNoLock
                0x08001e84       0x90 tracealyzer_realtime\SEGGER_RTT.o
                0x08001e84                SEGGER_RTT_ReadNoLock
 .text.SEGGER_RTT_Read
                0x08001f14       0x1c tracealyzer_realtime\SEGGER_RTT.o
                0x08001f14                SEGGER_RTT_Read
 .text.SEGGER_RTT_WriteNoLock
                0x08001f30       0x58 tracealyzer_realtime\SEGGER_RTT.o
                0x08001f30                SEGGER_RTT_WriteNoLock
 .text.SEGGER_RTT_Write
                0x08001f88       0x34 tracealyzer_realtime\SEGGER_RTT.o
                0x08001f88                SEGGER_RTT_Write
 .text.SEGGER_RTT_ConfigUpBuffer
                0x08001fbc       0x6c tracealyzer_realtime\SEGGER_RTT.o
                0x08001fbc                SEGGER_RTT_ConfigUpBuffer
 .text.SEGGER_RTT_ConfigDownBuffer
                0x08002028       0x64 tracealyzer_realtime\SEGGER_RTT.o
                0x08002028                SEGGER_RTT_ConfigDownBuffer
 .text.TzCtrl   0x0800208c       0xe8 tracealyzer_realtime\trcKernelPort.o
 .text.vTraceEnable
                0x08002174       0xe8 tracealyzer_realtime\trcKernelPort.o
                0x08002174                vTraceEnable
 .text.prvTraceOnBegin
                0x0800225c        0x2 tracealyzer_realtime\trcKernelPort.o
                0x0800225c                prvTraceOnBegin
 .text.prvTraceOnEnd
                0x0800225e        0x2 tracealyzer_realtime\trcKernelPort.o
                0x0800225e                prvTraceOnEnd
 .text.prvTraceGetCurrentTaskHandle
                0x08002260        0x4 tracealyzer_realtime\trcKernelPort.o
                0x08002260                prvTraceGetCurrentTaskHandle
 .text.prvIsNewTCB
                0x08002264       0x14 tracealyzer_realtime\trcKernelPort.o
                0x08002264                prvIsNewTCB
 .text.prvTraceSaveSymbol
                0x08002278       0x98 tracealyzer_realtime\trcStreamingRecorder.o
                0x08002278                prvTraceSaveSymbol
 .text.prvTraceSaveObjectData
                0x08002310       0x74 tracealyzer_realtime\trcStreamingRecorder.o
                0x08002310                prvTraceSaveObjectData
 .text.prvIsValidCommand
                0x08002384       0x38 tracealyzer_realtime\trcStreamingRecorder.o
                0x08002384                prvIsValidCommand
 .text.prvTraceError
                0x080023bc       0x30 tracealyzer_realtime\trcStreamingRecorder.o
                0x080023bc                prvTraceError
 .text.prvTraceStoreStringEventHelper
                0x080023ec      0x10c tracealyzer_realtime\trcStreamingRecorder.o
 .text.vTracePrintF
                0x080024f8       0x50 tracealyzer_realtime\trcStreamingRecorder.o
                0x080024f8                vTracePrintF
 .text.prvTraceStoreWarnings
                0x08002548       0xb8 tracealyzer_realtime\trcStreamingRecorder.o
 .text.prvTraceStoreStringEvent
                0x08002600       0x22 tracealyzer_realtime\trcStreamingRecorder.o
                0x08002600                prvTraceStoreStringEvent
 .text.xTraceRegisterString
                0x08002622       0x1a tracealyzer_realtime\trcStreamingRecorder.o
                0x08002622                xTraceRegisterString
 .text.prvTraceStoreEvent0
                0x0800263c       0x54 tracealyzer_realtime\trcStreamingRecorder.o
                0x0800263c                prvTraceStoreEvent0
 .text.prvTraceStoreEvent1
                0x08002690       0x5c tracealyzer_realtime\trcStreamingRecorder.o
                0x08002690                prvTraceStoreEvent1
 .text.prvTraceStoreEvent2
                0x080026ec       0x5c tracealyzer_realtime\trcStreamingRecorder.o
                0x080026ec                prvTraceStoreEvent2
 .text.prvTraceStoreEvent3
                0x08002748       0x60 tracealyzer_realtime\trcStreamingRecorder.o
                0x08002748                prvTraceStoreEvent3
 .text.prvTraceStoreEvent
                0x080027a8       0x80 tracealyzer_realtime\trcStreamingRecorder.o
                0x080027a8                prvTraceStoreEvent
 .text.prvSetRecorderEnabled
                0x08002828      0x16c tracealyzer_realtime\trcStreamingRecorder.o
 .text.prvProcessCommand
                0x08002994        0xe tracealyzer_realtime\trcStreamingRecorder.o
                0x08002994                prvProcessCommand
 *fill*         0x080029a2        0x2 
 .text.prvTraceInitCortexM
                0x080029a4       0x4c tracealyzer_realtime\trcStreamingRecorder.o
                0x080029a4                prvTraceInitCortexM
 .text.__libc_init_array
                0x080029f0       0x4c c:/program files (x86)/atollic/truestudio for arm 7.1.2/armtools/bin/../lib/gcc/arm-atollic-eabi/5.3.1/../../../../arm-atollic-eabi/lib/armv7-m\libc_nano.a(lib_a-init.o)
                0x080029f0                __libc_init_array
 .text.memcpy   0x08002a3c       0x16 c:/program files (x86)/atollic/truestudio for arm 7.1.2/armtools/bin/../lib/gcc/arm-atollic-eabi/5.3.1/../../../../arm-atollic-eabi/lib/armv7-m\libc_nano.a(lib_a-memcpy-stub.o)
                0x08002a3c                memcpy
 .text.memset   0x08002a52       0x10 c:/program files (x86)/atollic/truestudio for arm 7.1.2/armtools/bin/../lib/gcc/arm-atollic-eabi/5.3.1/../../../../arm-atollic-eabi/lib/armv7-m\libc_nano.a(lib_a-memset.o)
                0x08002a52                memset
 .text.strcpy   0x08002a62       0x10 c:/program files (x86)/atollic/truestudio for arm 7.1.2/armtools/bin/../lib/gcc/arm-atollic-eabi/5.3.1/../../../../arm-atollic-eabi/lib/armv7-m\libc_nano.a(lib_a-strcpy.o)
                0x08002a62                strcpy
 *(.glue_7)
 .glue_7        0x08002a72        0x0 linker stubs
 *(.glue_7t)
 .glue_7t       0x08002a72        0x0 linker stubs
 *(.eh_frame)
 *fill*         0x08002a72        0x2 
 .eh_frame      0x08002a74        0x0 c:/program files (x86)/atollic/truestudio for arm 7.1.2/armtools/bin/../lib/gcc/arm-atollic-eabi/5.3.1/armv7-m/crtbegin.o
 *(.init)
 .init          0x08002a74        0x4 c:/program files (x86)/atollic/truestudio for arm 7.1.2/armtools/bin/../lib/gcc/arm-atollic-eabi/5.3.1/armv7-m/crti.o
                0x08002a74                _init
 .init          0x08002a78        0x8 c:/program files (x86)/atollic/truestudio for arm 7.1.2/armtools/bin/../lib/gcc/arm-atollic-eabi/5.3.1/armv7-m/crtn.o
 *(.fini)
 .fini          0x08002a80        0x4 c:/program files (x86)/atollic/truestudio for arm 7.1.2/armtools/bin/../lib/gcc/arm-atollic-eabi/5.3.1/armv7-m/crti.o
                0x08002a80                _fini
 .fini          0x08002a84        0x8 c:/program files (x86)/atollic/truestudio for arm 7.1.2/armtools/bin/../lib/gcc/arm-atollic-eabi/5.3.1/armv7-m/crtn.o
                0x08002a8c                . = ALIGN (0x4)
                0x08002a8c                _etext = .

.vfp11_veneer   0x08002a8c        0x0
 .vfp11_veneer  0x08002a8c        0x0 linker stubs

.v4_bx          0x08002a8c        0x0
 .v4_bx         0x08002a8c        0x0 linker stubs

.iplt           0x08002a8c        0x0
 .iplt          0x08002a8c        0x0 c:/program files (x86)/atollic/truestudio for arm 7.1.2/armtools/bin/../lib/gcc/arm-atollic-eabi/5.3.1/armv7-m/crtbegin.o

.rodata         0x08002a8c      0x304
                0x08002a8c                . = ALIGN (0x4)
 *(.rodata)
 .rodata        0x08002a8c       0x12 Drivers\STM32F1xx_HAL_Driver\Src\stm32f1xx_hal_rcc.o
 *(.rodata*)
 .rodata.str1.1
                0x08002a9e        0x5 Middlewares\Third_Party\FreeRTOS\Source\tasks.o
 .rodata.str1.1
                0x08002aa3        0xc Src\main.o
 .rodata.AHBPrescTable
                0x08002aaf       0x10 Src\system_stm32f1xx.o
                0x08002aaf                AHBPrescTable
 .rodata.APBPrescTable
                0x08002abf        0x8 Src\system_stm32f1xx.o
                0x08002abf                APBPrescTable
 .rodata.str1.1
                0x08002ac7       0x14 tracealyzer_realtime\SEGGER_RTT.o
 .rodata.str1.1
                0x08002adb       0xf0 tracealyzer_realtime\trcKernelPort.o
 .rodata.str1.1
                0x08002bcb      0x1c2 tracealyzer_realtime\trcStreamingRecorder.o
                                0x25b (size before relaxing)
                0x08002d90                . = ALIGN (0x4)
 *fill*         0x08002d8d        0x3 

.rel.dyn        0x08002d90        0x0
 .rel.iplt      0x08002d90        0x0 c:/program files (x86)/atollic/truestudio for arm 7.1.2/armtools/bin/../lib/gcc/arm-atollic-eabi/5.3.1/armv7-m/crtbegin.o

.ARM.extab
 *(.ARM.extab* .gnu.linkonce.armextab.*)

.ARM            0x08002d90        0x0
                0x08002d90                __exidx_start = .
 *(.ARM.exidx*)
                0x08002d90                __exidx_end = .

.preinit_array  0x08002d90        0x0
                0x08002d90                PROVIDE (__preinit_array_start, .)
 *(.preinit_array*)
                0x08002d90                PROVIDE (__preinit_array_end, .)

.init_array     0x08002d90        0x4
                0x08002d90                PROVIDE (__init_array_start, .)
 *(SORT(.init_array.*))
 *(.init_array*)
 .init_array    0x08002d90        0x4 c:/program files (x86)/atollic/truestudio for arm 7.1.2/armtools/bin/../lib/gcc/arm-atollic-eabi/5.3.1/armv7-m/crtbegin.o
                0x08002d94                PROVIDE (__init_array_end, .)

.fini_array     0x08002d94        0x4
                [!provide]                PROVIDE (__fini_array_start, .)
 *(SORT(.fini_array.*))
 *(.fini_array*)
 .fini_array    0x08002d94        0x4 c:/program files (x86)/atollic/truestudio for arm 7.1.2/armtools/bin/../lib/gcc/arm-atollic-eabi/5.3.1/armv7-m/crtbegin.o
                [!provide]                PROVIDE (__fini_array_end, .)
                0x08002d98                _sidata = LOADADDR (.data)

.data           0x20000000        0xc load address 0x08002d98
                0x20000000                . = ALIGN (0x4)
                0x20000000                _sdata = .
 *(.data)
 *(.data*)
 .data.uxCriticalNesting
                0x20000000        0x4 Middlewares\Third_Party\FreeRTOS\Source\portable\GCC\ARM_CM3\port.o
 .data.SystemCoreClock
                0x20000004        0x4 Src\system_stm32f1xx.o
                0x20000004                SystemCoreClock
 .data.ISR_stack_index
                0x20000008        0x1 tracealyzer_realtime\trcStreamingRecorder.o
                0x2000000c                . = ALIGN (0x4)
 *fill*         0x20000009        0x3 
                0x2000000c                _edata = .

.igot.plt       0x2000000c        0x0 load address 0x08002da4
 .igot.plt      0x2000000c        0x0 c:/program files (x86)/atollic/truestudio for arm 7.1.2/armtools/bin/../lib/gcc/arm-atollic-eabi/5.3.1/armv7-m/crtbegin.o
                0x2000000c                . = ALIGN (0x4)

.bss            0x2000000c     0x1970 load address 0x08002da4
                0x2000000c                _sbss = .
                0x2000000c                __bss_start__ = _sbss
 *(.bss)
 .bss           0x2000000c       0x1c c:/program files (x86)/atollic/truestudio for arm 7.1.2/armtools/bin/../lib/gcc/arm-atollic-eabi/5.3.1/armv7-m/crtbegin.o
 *(.bss*)
 .bss.uwTick    0x20000028        0x4 Drivers\STM32F1xx_HAL_Driver\Src\stm32f1xx_hal.o
 .bss.ucMaxSysCallPriority
                0x2000002c        0x1 Middlewares\Third_Party\FreeRTOS\Source\portable\GCC\ARM_CM3\port.o
 *fill*         0x2000002d        0x3 
 .bss.ulMaxPRIGROUPValue
                0x20000030        0x4 Middlewares\Third_Party\FreeRTOS\Source\portable\GCC\ARM_CM3\port.o
 .bss.xFreeBytesRemaining
                0x20000034        0x4 Middlewares\Third_Party\FreeRTOS\Source\portable\MemMang\heap_4.o
 .bss.pxEnd     0x20000038        0x4 Middlewares\Third_Party\FreeRTOS\Source\portable\MemMang\heap_4.o
 .bss.xStart    0x2000003c        0x8 Middlewares\Third_Party\FreeRTOS\Source\portable\MemMang\heap_4.o
 .bss.ucHeap    0x20000044      0xc00 Middlewares\Third_Party\FreeRTOS\Source\portable\MemMang\heap_4.o
 .bss.xBlockAllocatedBit
                0x20000c44        0x4 Middlewares\Third_Party\FreeRTOS\Source\portable\MemMang\heap_4.o
 .bss.xMinimumEverFreeBytesRemaining
                0x20000c48        0x4 Middlewares\Third_Party\FreeRTOS\Source\portable\MemMang\heap_4.o
 .bss.xNumOfOverflows
                0x20000c4c        0x4 Middlewares\Third_Party\FreeRTOS\Source\tasks.o
 .bss.pxDelayedTaskList
                0x20000c50        0x4 Middlewares\Third_Party\FreeRTOS\Source\tasks.o
 .bss.xSchedulerRunning
                0x20000c54        0x4 Middlewares\Third_Party\FreeRTOS\Source\tasks.o
 .bss.uxTasksDeleted
                0x20000c58        0x4 Middlewares\Third_Party\FreeRTOS\Source\tasks.o
 .bss.xDelayedTaskList1
                0x20000c5c       0x14 Middlewares\Third_Party\FreeRTOS\Source\tasks.o
 .bss.uxPendedTicks
                0x20000c70        0x4 Middlewares\Third_Party\FreeRTOS\Source\tasks.o
 .bss.pxReadyTasksLists
                0x20000c74       0x8c Middlewares\Third_Party\FreeRTOS\Source\tasks.o
 .bss.xTasksWaitingTermination
                0x20000d00       0x14 Middlewares\Third_Party\FreeRTOS\Source\tasks.o
 .bss.pxCurrentTCB
                0x20000d14        0x4 Middlewares\Third_Party\FreeRTOS\Source\tasks.o
                0x20000d14                pxCurrentTCB
 .bss.xNextTaskUnblockTime
                0x20000d18        0x4 Middlewares\Third_Party\FreeRTOS\Source\tasks.o
 .bss.uxSchedulerSuspended
                0x20000d1c        0x4 Middlewares\Third_Party\FreeRTOS\Source\tasks.o
 .bss.xTickCount
                0x20000d20        0x4 Middlewares\Third_Party\FreeRTOS\Source\tasks.o
 .bss.pxOverflowDelayedTaskList
                0x20000d24        0x4 Middlewares\Third_Party\FreeRTOS\Source\tasks.o
 .bss.xPendingReadyList
                0x20000d28       0x14 Middlewares\Third_Party\FreeRTOS\Source\tasks.o
 .bss.uxTaskNumber
                0x20000d3c        0x4 Middlewares\Third_Party\FreeRTOS\Source\tasks.o
 .bss.uxCurrentNumberOfTasks
                0x20000d40        0x4 Middlewares\Third_Party\FreeRTOS\Source\tasks.o
 .bss.xDelayedTaskList2
                0x20000d44       0x14 Middlewares\Third_Party\FreeRTOS\Source\tasks.o
 .bss.xSuspendedTaskList
                0x20000d58       0x14 Middlewares\Third_Party\FreeRTOS\Source\tasks.o
 .bss.uxTopReadyPriority
                0x20000d6c        0x4 Middlewares\Third_Party\FreeRTOS\Source\tasks.o
 .bss.xYieldPending
                0x20000d70        0x4 Middlewares\Third_Party\FreeRTOS\Source\tasks.o
 .bss._acDownBuffer
                0x20000d74       0x10 tracealyzer_realtime\SEGGER_RTT.o
 .bss._acUpBuffer
                0x20000d84       0x40 tracealyzer_realtime\SEGGER_RTT.o
 .bss.MaxBytesTruncated_last
                0x20000dc4        0x4 tracealyzer_realtime\trcKernelPort.o
 .bss.LongestSymbolName_last
                0x20000dc8        0x4 tracealyzer_realtime\trcKernelPort.o
 .bss.NoRoomForSymbol_last
                0x20000dcc        0x4 tracealyzer_realtime\trcKernelPort.o
 .bss.pCurrentTCB
                0x20000dd0        0x4 tracealyzer_realtime\trcKernelPort.o
 .bss.HandleTzCtrl
                0x20000dd4        0x4 tracealyzer_realtime\trcKernelPort.o
 .bss._TzCtrlData
                0x20000dd8       0x20 tracealyzer_realtime\trcKernelPort.o
 .bss.NoRoomForObjectData_last
                0x20000df8        0x4 tracealyzer_realtime\trcKernelPort.o
 .bss.eventCounter
                0x20000dfc        0x4 tracealyzer_realtime\trcStreamingRecorder.o
 .bss.NoRoomForSymbol
                0x20000e00        0x4 tracealyzer_realtime\trcStreamingRecorder.o
                0x20000e00                NoRoomForSymbol
 .bss.RecorderEnabled
                0x20000e04        0x4 tracealyzer_realtime\trcStreamingRecorder.o
                0x20000e04                RecorderEnabled
 .bss.NoRoomForObjectData
                0x20000e08        0x4 tracealyzer_realtime\trcStreamingRecorder.o
                0x20000e08                NoRoomForObjectData
 .bss.objectDataTable
                0x20000e0c      0x140 tracealyzer_realtime\trcStreamingRecorder.o
 .bss.timestampFrequency
                0x20000f4c        0x4 tracealyzer_realtime\trcStreamingRecorder.o
                0x20000f4c                timestampFrequency
 .bss.symbolTable
                0x20000f50      0x500 tracealyzer_realtime\trcStreamingRecorder.o
 .bss.uiTraceTickCount
                0x20001450        0x4 tracealyzer_realtime\trcStreamingRecorder.o
                0x20001450                uiTraceTickCount
 .bss.errorCode
                0x20001454        0x4 tracealyzer_realtime\trcStreamingRecorder.o
 .bss.firstFreeSymbolTableIndex
                0x20001458        0x4 tracealyzer_realtime\trcStreamingRecorder.o
 .bss.LongestSymbolName
                0x2000145c        0x4 tracealyzer_realtime\trcStreamingRecorder.o
                0x2000145c                LongestSymbolName
 .bss.firstFreeObjectDataTableIndex
                0x20001460        0x4 tracealyzer_realtime\trcStreamingRecorder.o
 .bss.MaxBytesTruncated
                0x20001464        0x4 tracealyzer_realtime\trcStreamingRecorder.o
                0x20001464                MaxBytesTruncated
 .bss.SessionCounter
                0x20001468        0x4 tracealyzer_realtime\trcStreamingRecorder.o
 *(COMMON)
 COMMON         0x2000146c       0x7c Src\main.o
                0x2000146c                huart1
                0x200014ac                htim2
 COMMON         0x200014e8       0xa8 tracealyzer_realtime\SEGGER_RTT.o
                0x200014e8                _SEGGER_RTT
 COMMON         0x20001590      0x3ec tracealyzer_realtime\trcKernelPort.o
                0x20001590                _TzTraceData
                0x20001978                trcWarningChannel
                0x2000197c                . = ALIGN (0x4)
                0x2000197c                _ebss = .
                0x2000197c                __bss_end__ = _ebss

._user_heap_stack
                0x2000197c      0x600 load address 0x08002da4
                0x2000197c                . = ALIGN (0x4)
                [!provide]                PROVIDE (end, .)
                [!provide]                PROVIDE (_end, .)
                0x20001b7c                . = (. + _Min_Heap_Size)
 *fill*         0x2000197c      0x200 
                0x20001f7c                . = (. + _Min_Stack_Size)
 *fill*         0x20001b7c      0x400 
                0x20001f7c                . = ALIGN (0x4)

/DISCARD/
 libc.a(*)
 libm.a(*)
 libgcc.a(*)

.ARM.attributes
                0x00000000       0x29
 *(.ARM.attributes)
 .ARM.attributes
                0x00000000       0x1d c:/program files (x86)/atollic/truestudio for arm 7.1.2/armtools/bin/../lib/gcc/arm-atollic-eabi/5.3.1/armv7-m/crti.o
 .ARM.attributes
                0x0000001d       0x2d c:/program files (x86)/atollic/truestudio for arm 7.1.2/armtools/bin/../lib/gcc/arm-atollic-eabi/5.3.1/armv7-m/crtbegin.o
 .ARM.attributes
                0x0000004a       0x33 Drivers\STM32F1xx_HAL_Driver\Src\stm32f1xx_hal.o
 .ARM.attributes
                0x0000007d       0x33 Drivers\STM32F1xx_HAL_Driver\Src\stm32f1xx_hal_cortex.o
 .ARM.attributes
                0x000000b0       0x33 Drivers\STM32F1xx_HAL_Driver\Src\stm32f1xx_hal_gpio.o
 .ARM.attributes
                0x000000e3       0x33 Drivers\STM32F1xx_HAL_Driver\Src\stm32f1xx_hal_rcc.o
 .ARM.attributes
                0x00000116       0x33 Drivers\STM32F1xx_HAL_Driver\Src\stm32f1xx_hal_tim.o
 .ARM.attributes
                0x00000149       0x33 Drivers\STM32F1xx_HAL_Driver\Src\stm32f1xx_hal_tim_ex.o
 .ARM.attributes
                0x0000017c       0x33 Drivers\STM32F1xx_HAL_Driver\Src\stm32f1xx_hal_uart.o
 .ARM.attributes
                0x000001af       0x33 Middlewares\Third_Party\FreeRTOS\Source\CMSIS_RTOS\cmsis_os.o
 .ARM.attributes
                0x000001e2       0x33 Middlewares\Third_Party\FreeRTOS\Source\list.o
 .ARM.attributes
                0x00000215       0x33 Middlewares\Third_Party\FreeRTOS\Source\portable\GCC\ARM_CM3\port.o
 .ARM.attributes
                0x00000248       0x33 Middlewares\Third_Party\FreeRTOS\Source\portable\MemMang\heap_4.o
 .ARM.attributes
                0x0000027b       0x33 Middlewares\Third_Party\FreeRTOS\Source\tasks.o
 .ARM.attributes
                0x000002ae       0x33 Src\code\controller.o
 .ARM.attributes
                0x000002e1       0x33 Src\main.o
 .ARM.attributes
                0x00000314       0x33 Src\stm32f1xx_hal_msp.o
 .ARM.attributes
                0x00000347       0x33 Src\stm32f1xx_it.o
 .ARM.attributes
                0x0000037a       0x33 Src\system_stm32f1xx.o
 .ARM.attributes
                0x000003ad       0x21 startup\startup_stm32f103xb.o
 .ARM.attributes
                0x000003ce       0x33 tracealyzer_realtime\SEGGER_RTT.o
 .ARM.attributes
                0x00000401       0x33 tracealyzer_realtime\trcKernelPort.o
 .ARM.attributes
                0x00000434       0x33 tracealyzer_realtime\trcStreamingRecorder.o
 .ARM.attributes
                0x00000467       0x2d c:/program files (x86)/atollic/truestudio for arm 7.1.2/armtools/bin/../lib/gcc/arm-atollic-eabi/5.3.1/../../../../arm-atollic-eabi/lib/armv7-m\libc_nano.a(lib_a-init.o)
 .ARM.attributes
                0x00000494       0x2d c:/program files (x86)/atollic/truestudio for arm 7.1.2/armtools/bin/../lib/gcc/arm-atollic-eabi/5.3.1/../../../../arm-atollic-eabi/lib/armv7-m\libc_nano.a(lib_a-memcpy-stub.o)
 .ARM.attributes
                0x000004c1       0x2d c:/program files (x86)/atollic/truestudio for arm 7.1.2/armtools/bin/../lib/gcc/arm-atollic-eabi/5.3.1/../../../../arm-atollic-eabi/lib/armv7-m\libc_nano.a(lib_a-memset.o)
 .ARM.attributes
                0x000004ee       0x2d c:/program files (x86)/atollic/truestudio for arm 7.1.2/armtools/bin/../lib/gcc/arm-atollic-eabi/5.3.1/../../../../arm-atollic-eabi/lib/armv7-m\libc_nano.a(lib_a-strcpy.o)
 .ARM.attributes
                0x0000051b       0x1d c:/program files (x86)/atollic/truestudio for arm 7.1.2/armtools/bin/../lib/gcc/arm-atollic-eabi/5.3.1/armv7-m/crtn.o
OUTPUT(D.elf elf32-littlearm)

.debug_info     0x00000000    0x1202d
 .debug_info    0x00000000      0x686 Drivers\STM32F1xx_HAL_Driver\Src\stm32f1xx_hal.o
 .debug_info    0x00000686      0xc21 Drivers\STM32F1xx_HAL_Driver\Src\stm32f1xx_hal_cortex.o
 .debug_info    0x000012a7      0x60b Drivers\STM32F1xx_HAL_Driver\Src\stm32f1xx_hal_gpio.o
 .debug_info    0x000018b2     0x1240 Drivers\STM32F1xx_HAL_Driver\Src\stm32f1xx_hal_rcc.o
 .debug_info    0x00002af2     0x2e1c Drivers\STM32F1xx_HAL_Driver\Src\stm32f1xx_hal_tim.o
 .debug_info    0x0000590e      0xeac Drivers\STM32F1xx_HAL_Driver\Src\stm32f1xx_hal_tim_ex.o
 .debug_info    0x000067ba      0xfff Drivers\STM32F1xx_HAL_Driver\Src\stm32f1xx_hal_uart.o
 .debug_info    0x000077b9     0x1aaf Middlewares\Third_Party\FreeRTOS\Source\CMSIS_RTOS\cmsis_os.o
 .debug_info    0x00009268      0x2cc Middlewares\Third_Party\FreeRTOS\Source\list.o
 .debug_info    0x00009534      0x40f Middlewares\Third_Party\FreeRTOS\Source\portable\GCC\ARM_CM3\port.o
 .debug_info    0x00009943      0x437 Middlewares\Third_Party\FreeRTOS\Source\portable\MemMang\heap_4.o
 .debug_info    0x00009d7a     0x267e Middlewares\Third_Party\FreeRTOS\Source\tasks.o
 .debug_info    0x0000c3f8       0xb9 Src\code\controller.o
 .debug_info    0x0000c4b1      0xe87 Src\main.o
 .debug_info    0x0000d338      0xbe6 Src\stm32f1xx_hal_msp.o
 .debug_info    0x0000df1e      0x143 Src\stm32f1xx_it.o
 .debug_info    0x0000e061      0x3e7 Src\system_stm32f1xx.o
 .debug_info    0x0000e448       0x63 startup\startup_stm32f103xb.o
 .debug_info    0x0000e4ab     0x1191 tracealyzer_realtime\SEGGER_RTT.o
 .debug_info    0x0000f63c      0x7df tracealyzer_realtime\trcKernelPort.o
 .debug_info    0x0000fe1b     0x2212 tracealyzer_realtime\trcStreamingRecorder.o

.debug_abbrev   0x00000000     0x2e60
 .debug_abbrev  0x00000000      0x22e Drivers\STM32F1xx_HAL_Driver\Src\stm32f1xx_hal.o
 .debug_abbrev  0x0000022e      0x2ee Drivers\STM32F1xx_HAL_Driver\Src\stm32f1xx_hal_cortex.o
 .debug_abbrev  0x0000051c      0x1c8 Drivers\STM32F1xx_HAL_Driver\Src\stm32f1xx_hal_gpio.o
 .debug_abbrev  0x000006e4      0x2bf Drivers\STM32F1xx_HAL_Driver\Src\stm32f1xx_hal_rcc.o
 .debug_abbrev  0x000009a3      0x320 Drivers\STM32F1xx_HAL_Driver\Src\stm32f1xx_hal_tim.o
 .debug_abbrev  0x00000cc3      0x270 Drivers\STM32F1xx_HAL_Driver\Src\stm32f1xx_hal_tim_ex.o
 .debug_abbrev  0x00000f33      0x2c5 Drivers\STM32F1xx_HAL_Driver\Src\stm32f1xx_hal_uart.o
 .debug_abbrev  0x000011f8      0x371 Middlewares\Third_Party\FreeRTOS\Source\CMSIS_RTOS\cmsis_os.o
 .debug_abbrev  0x00001569       0xf6 Middlewares\Third_Party\FreeRTOS\Source\list.o
 .debug_abbrev  0x0000165f      0x21e Middlewares\Third_Party\FreeRTOS\Source\portable\GCC\ARM_CM3\port.o
 .debug_abbrev  0x0000187d      0x223 Middlewares\Third_Party\FreeRTOS\Source\portable\MemMang\heap_4.o
 .debug_abbrev  0x00001aa0      0x359 Middlewares\Third_Party\FreeRTOS\Source\tasks.o
 .debug_abbrev  0x00001df9       0x67 Src\code\controller.o
 .debug_abbrev  0x00001e60      0x2aa Src\main.o
 .debug_abbrev  0x0000210a      0x1b1 Src\stm32f1xx_hal_msp.o
 .debug_abbrev  0x000022bb       0xcf Src\stm32f1xx_it.o
 .debug_abbrev  0x0000238a      0x122 Src\system_stm32f1xx.o
 .debug_abbrev  0x000024ac       0x12 startup\startup_stm32f103xb.o
 .debug_abbrev  0x000024be      0x25e tracealyzer_realtime\SEGGER_RTT.o
 .debug_abbrev  0x0000271c      0x2b6 tracealyzer_realtime\trcKernelPort.o
 .debug_abbrev  0x000029d2      0x48e tracealyzer_realtime\trcStreamingRecorder.o

.debug_loc      0x00000000     0xb4b0
 .debug_loc     0x00000000       0x73 Drivers\STM32F1xx_HAL_Driver\Src\stm32f1xx_hal.o
 .debug_loc     0x00000073      0x48f Drivers\STM32F1xx_HAL_Driver\Src\stm32f1xx_hal_cortex.o
 .debug_loc     0x00000502      0x2e8 Drivers\STM32F1xx_HAL_Driver\Src\stm32f1xx_hal_gpio.o
 .debug_loc     0x000007ea      0x8a9 Drivers\STM32F1xx_HAL_Driver\Src\stm32f1xx_hal_rcc.o
 .debug_loc     0x00001093     0x30f1 Drivers\STM32F1xx_HAL_Driver\Src\stm32f1xx_hal_tim.o
 .debug_loc     0x00004184      0x7b7 Drivers\STM32F1xx_HAL_Driver\Src\stm32f1xx_hal_tim_ex.o
 .debug_loc     0x0000493b      0xd82 Drivers\STM32F1xx_HAL_Driver\Src\stm32f1xx_hal_uart.o
 .debug_loc     0x000056bd      0xf81 Middlewares\Third_Party\FreeRTOS\Source\CMSIS_RTOS\cmsis_os.o
 .debug_loc     0x0000663e       0x94 Middlewares\Third_Party\FreeRTOS\Source\list.o
 .debug_loc     0x000066d2       0x8c Middlewares\Third_Party\FreeRTOS\Source\portable\GCC\ARM_CM3\port.o
 .debug_loc     0x0000675e      0x35f Middlewares\Third_Party\FreeRTOS\Source\portable\MemMang\heap_4.o
 .debug_loc     0x00006abd     0x1a21 Middlewares\Third_Party\FreeRTOS\Source\tasks.o
 .debug_loc     0x000084de       0x78 Src\main.o
 .debug_loc     0x00008556       0x21 Src\stm32f1xx_hal_msp.o
 .debug_loc     0x00008577       0xaa Src\system_stm32f1xx.o
 .debug_loc     0x00008621     0x1532 tracealyzer_realtime\SEGGER_RTT.o
 .debug_loc     0x00009b53      0x11f tracealyzer_realtime\trcKernelPort.o
 .debug_loc     0x00009c72     0x183e tracealyzer_realtime\trcStreamingRecorder.o

.debug_aranges  0x00000000      0xdf8
 .debug_aranges
                0x00000000       0xa8 Drivers\STM32F1xx_HAL_Driver\Src\stm32f1xx_hal.o
 .debug_aranges
                0x000000a8       0x90 Drivers\STM32F1xx_HAL_Driver\Src\stm32f1xx_hal_cortex.o
 .debug_aranges
                0x00000138       0x58 Drivers\STM32F1xx_HAL_Driver\Src\stm32f1xx_hal_gpio.o
 .debug_aranges
                0x00000190       0x88 Drivers\STM32F1xx_HAL_Driver\Src\stm32f1xx_hal_rcc.o
 .debug_aranges
                0x00000218      0x250 Drivers\STM32F1xx_HAL_Driver\Src\stm32f1xx_hal_tim.o
 .debug_aranges
                0x00000468       0xe8 Drivers\STM32F1xx_HAL_Driver\Src\stm32f1xx_hal_tim_ex.o
 .debug_aranges
                0x00000550      0x108 Drivers\STM32F1xx_HAL_Driver\Src\stm32f1xx_hal_uart.o
 .debug_aranges
                0x00000658      0x178 Middlewares\Third_Party\FreeRTOS\Source\CMSIS_RTOS\cmsis_os.o
 .debug_aranges
                0x000007d0       0x40 Middlewares\Third_Party\FreeRTOS\Source\list.o
 .debug_aranges
                0x00000810       0x90 Middlewares\Third_Party\FreeRTOS\Source\portable\GCC\ARM_CM3\port.o
 .debug_aranges
                0x000008a0       0x48 Middlewares\Third_Party\FreeRTOS\Source\portable\MemMang\heap_4.o
 .debug_aranges
                0x000008e8      0x180 Middlewares\Third_Party\FreeRTOS\Source\tasks.o
 .debug_aranges
                0x00000a68       0x20 Src\code\controller.o
 .debug_aranges
                0x00000a88       0x40 Src\main.o
 .debug_aranges
                0x00000ac8       0x30 Src\stm32f1xx_hal_msp.o
 .debug_aranges
                0x00000af8       0x48 Src\stm32f1xx_it.o
 .debug_aranges
                0x00000b40       0x28 Src\system_stm32f1xx.o
 .debug_aranges
                0x00000b68       0x28 startup\startup_stm32f103xb.o
 .debug_aranges
                0x00000b90       0xf0 tracealyzer_realtime\SEGGER_RTT.o
 .debug_aranges
                0x00000c80       0x50 tracealyzer_realtime\trcKernelPort.o
 .debug_aranges
                0x00000cd0      0x128 tracealyzer_realtime\trcStreamingRecorder.o

.debug_ranges   0x00000000     0x1370
 .debug_ranges  0x00000000       0x98 Drivers\STM32F1xx_HAL_Driver\Src\stm32f1xx_hal.o
 .debug_ranges  0x00000098      0x130 Drivers\STM32F1xx_HAL_Driver\Src\stm32f1xx_hal_cortex.o
 .debug_ranges  0x000001c8       0x68 Drivers\STM32F1xx_HAL_Driver\Src\stm32f1xx_hal_gpio.o
 .debug_ranges  0x00000230      0x148 Drivers\STM32F1xx_HAL_Driver\Src\stm32f1xx_hal_rcc.o
 .debug_ranges  0x00000378      0x360 Drivers\STM32F1xx_HAL_Driver\Src\stm32f1xx_hal_tim.o
 .debug_ranges  0x000006d8       0xd8 Drivers\STM32F1xx_HAL_Driver\Src\stm32f1xx_hal_tim_ex.o
 .debug_ranges  0x000007b0      0x110 Drivers\STM32F1xx_HAL_Driver\Src\stm32f1xx_hal_uart.o
 .debug_ranges  0x000008c0      0x180 Middlewares\Third_Party\FreeRTOS\Source\CMSIS_RTOS\cmsis_os.o
 .debug_ranges  0x00000a40       0x30 Middlewares\Third_Party\FreeRTOS\Source\list.o
 .debug_ranges  0x00000a70       0x80 Middlewares\Third_Party\FreeRTOS\Source\portable\GCC\ARM_CM3\port.o
 .debug_ranges  0x00000af0       0x38 Middlewares\Third_Party\FreeRTOS\Source\portable\MemMang\heap_4.o
 .debug_ranges  0x00000b28      0x208 Middlewares\Third_Party\FreeRTOS\Source\tasks.o
 .debug_ranges  0x00000d30       0x10 Src\code\controller.o
 .debug_ranges  0x00000d40       0x90 Src\main.o
 .debug_ranges  0x00000dd0       0x60 Src\stm32f1xx_hal_msp.o
 .debug_ranges  0x00000e30       0x38 Src\stm32f1xx_it.o
 .debug_ranges  0x00000e68       0x18 Src\system_stm32f1xx.o
 .debug_ranges  0x00000e80       0x20 startup\startup_stm32f103xb.o
 .debug_ranges  0x00000ea0       0xf8 tracealyzer_realtime\SEGGER_RTT.o
 .debug_ranges  0x00000f98       0x58 tracealyzer_realtime\trcKernelPort.o
 .debug_ranges  0x00000ff0      0x380 tracealyzer_realtime\trcStreamingRecorder.o

.debug_line     0x00000000     0x6e42
 .debug_line    0x00000000      0x375 Drivers\STM32F1xx_HAL_Driver\Src\stm32f1xx_hal.o
 .debug_line    0x00000375      0x37a Drivers\STM32F1xx_HAL_Driver\Src\stm32f1xx_hal_cortex.o
 .debug_line    0x000006ef      0x393 Drivers\STM32F1xx_HAL_Driver\Src\stm32f1xx_hal_gpio.o
 .debug_line    0x00000a82      0x79c Drivers\STM32F1xx_HAL_Driver\Src\stm32f1xx_hal_rcc.o
 .debug_line    0x0000121e     0x1047 Drivers\STM32F1xx_HAL_Driver\Src\stm32f1xx_hal_tim.o
 .debug_line    0x00002265      0x635 Drivers\STM32F1xx_HAL_Driver\Src\stm32f1xx_hal_tim_ex.o
 .debug_line    0x0000289a      0x98c Drivers\STM32F1xx_HAL_Driver\Src\stm32f1xx_hal_uart.o
 .debug_line    0x00003226      0x79b Middlewares\Third_Party\FreeRTOS\Source\CMSIS_RTOS\cmsis_os.o
 .debug_line    0x000039c1      0x26b Middlewares\Third_Party\FreeRTOS\Source\list.o
 .debug_line    0x00003c2c      0x37a Middlewares\Third_Party\FreeRTOS\Source\portable\GCC\ARM_CM3\port.o
 .debug_line    0x00003fa6      0x3ca Middlewares\Third_Party\FreeRTOS\Source\portable\MemMang\heap_4.o
 .debug_line    0x00004370      0xbf7 Middlewares\Third_Party\FreeRTOS\Source\tasks.o
 .debug_line    0x00004f67      0x150 Src\code\controller.o
 .debug_line    0x000050b7      0x3f4 Src\main.o
 .debug_line    0x000054ab      0x28d Src\stm32f1xx_hal_msp.o
 .debug_line    0x00005738      0x21d Src\stm32f1xx_it.o
 .debug_line    0x00005955      0x1d0 Src\system_stm32f1xx.o
 .debug_line    0x00005b25       0x7d startup\startup_stm32f103xb.o
 .debug_line    0x00005ba2      0x52b tracealyzer_realtime\SEGGER_RTT.o
 .debug_line    0x000060cd      0x341 tracealyzer_realtime\trcKernelPort.o
 .debug_line    0x0000640e      0xa34 tracealyzer_realtime\trcStreamingRecorder.o

.debug_str      0x00000000     0x4ee4
 .debug_str     0x00000000      0x6fb Drivers\STM32F1xx_HAL_Driver\Src\stm32f1xx_hal.o
                                0x756 (size before relaxing)
 .debug_str     0x000006fb      0x2e2 Drivers\STM32F1xx_HAL_Driver\Src\stm32f1xx_hal_cortex.o
                                0x8c0 (size before relaxing)
 .debug_str     0x000009dd      0x1d6 Drivers\STM32F1xx_HAL_Driver\Src\stm32f1xx_hal_gpio.o
                                0x41b (size before relaxing)
 .debug_str     0x00000bb3      0x314 Drivers\STM32F1xx_HAL_Driver\Src\stm32f1xx_hal_rcc.o
                                0x61f (size before relaxing)
 .debug_str     0x00000ec7      0xe32 Drivers\STM32F1xx_HAL_Driver\Src\stm32f1xx_hal_tim.o
                               0x109e (size before relaxing)
 .debug_str     0x00001cf9      0x416 Drivers\STM32F1xx_HAL_Driver\Src\stm32f1xx_hal_tim_ex.o
                                0xacf (size before relaxing)
 .debug_str     0x0000210f      0x49c Drivers\STM32F1xx_HAL_Driver\Src\stm32f1xx_hal_uart.o
                                0x907 (size before relaxing)
 .debug_str     0x000025ab      0xa4f Middlewares\Third_Party\FreeRTOS\Source\CMSIS_RTOS\cmsis_os.o
                                0xc97 (size before relaxing)
 .debug_str     0x00002ffa      0x14f Middlewares\Third_Party\FreeRTOS\Source\list.o
                                0x305 (size before relaxing)
 .debug_str     0x00003149      0x20b Middlewares\Third_Party\FreeRTOS\Source\portable\GCC\ARM_CM3\port.o
                                0x465 (size before relaxing)
 .debug_str     0x00003354      0x1fc Middlewares\Third_Party\FreeRTOS\Source\portable\MemMang\heap_4.o
                                0x3fa (size before relaxing)
 .debug_str     0x00003550      0xa46 Middlewares\Third_Party\FreeRTOS\Source\tasks.o
                               0x1043 (size before relaxing)
 .debug_str     0x00003f96       0x29 Src\code\controller.o
                                0x1a9 (size before relaxing)
 .debug_str     0x00003fbf       0x88 Src\main.o
                                0xd83 (size before relaxing)
 .debug_str     0x00004047       0x67 Src\stm32f1xx_hal_msp.o
                                0xafd (size before relaxing)
 .debug_str     0x000040ae       0x7f Src\stm32f1xx_it.o
                                0x21c (size before relaxing)
 .debug_str     0x0000412d       0x4d Src\system_stm32f1xx.o
                                0x2c2 (size before relaxing)
 .debug_str     0x0000417a      0x3e9 tracealyzer_realtime\SEGGER_RTT.o
                                0x56a (size before relaxing)
 .debug_str     0x00004563      0x27f tracealyzer_realtime\trcKernelPort.o
                                0x5c1 (size before relaxing)
 .debug_str     0x000047e2      0x702 tracealyzer_realtime\trcStreamingRecorder.o
                                0xbcf (size before relaxing)

.comment        0x00000000       0x7e
 .comment       0x00000000       0x7e Drivers\STM32F1xx_HAL_Driver\Src\stm32f1xx_hal.o
                                 0x7f (size before relaxing)
 .comment       0x0000007e       0x7f Drivers\STM32F1xx_HAL_Driver\Src\stm32f1xx_hal_cortex.o
 .comment       0x0000007e       0x7f Drivers\STM32F1xx_HAL_Driver\Src\stm32f1xx_hal_gpio.o
 .comment       0x0000007e       0x7f Drivers\STM32F1xx_HAL_Driver\Src\stm32f1xx_hal_rcc.o
 .comment       0x0000007e       0x7f Drivers\STM32F1xx_HAL_Driver\Src\stm32f1xx_hal_tim.o
 .comment       0x0000007e       0x7f Drivers\STM32F1xx_HAL_Driver\Src\stm32f1xx_hal_tim_ex.o
 .comment       0x0000007e       0x7f Drivers\STM32F1xx_HAL_Driver\Src\stm32f1xx_hal_uart.o
 .comment       0x0000007e       0x7f Middlewares\Third_Party\FreeRTOS\Source\CMSIS_RTOS\cmsis_os.o
 .comment       0x0000007e       0x7f Middlewares\Third_Party\FreeRTOS\Source\list.o
 .comment       0x0000007e       0x7f Middlewares\Third_Party\FreeRTOS\Source\portable\GCC\ARM_CM3\port.o
 .comment       0x0000007e       0x7f Middlewares\Third_Party\FreeRTOS\Source\portable\MemMang\heap_4.o
 .comment       0x0000007e       0x7f Middlewares\Third_Party\FreeRTOS\Source\tasks.o
 .comment       0x0000007e       0x7f Src\code\controller.o
 .comment       0x0000007e       0x7f Src\main.o
 .comment       0x0000007e       0x7f Src\stm32f1xx_hal_msp.o
 .comment       0x0000007e       0x7f Src\stm32f1xx_it.o
 .comment       0x0000007e       0x7f Src\system_stm32f1xx.o
 .comment       0x0000007e       0x7f tracealyzer_realtime\SEGGER_RTT.o
 .comment       0x0000007e       0x7f tracealyzer_realtime\trcKernelPort.o
 .comment       0x0000007e       0x7f tracealyzer_realtime\trcStreamingRecorder.o

.debug_frame    0x00000000     0x29c0
 .debug_frame   0x00000000      0x164 Drivers\STM32F1xx_HAL_Driver\Src\stm32f1xx_hal.o
 .debug_frame   0x00000164      0x120 Drivers\STM32F1xx_HAL_Driver\Src\stm32f1xx_hal_cortex.o
 .debug_frame   0x00000284       0xd4 Drivers\STM32F1xx_HAL_Driver\Src\stm32f1xx_hal_gpio.o
 .debug_frame   0x00000358      0x14c Drivers\STM32F1xx_HAL_Driver\Src\stm32f1xx_hal_rcc.o
 .debug_frame   0x000004a4      0x854 Drivers\STM32F1xx_HAL_Driver\Src\stm32f1xx_hal_tim.o
 .debug_frame   0x00000cf8      0x324 Drivers\STM32F1xx_HAL_Driver\Src\stm32f1xx_hal_tim_ex.o
 .debug_frame   0x0000101c      0x318 Drivers\STM32F1xx_HAL_Driver\Src\stm32f1xx_hal_uart.o
 .debug_frame   0x00001334      0x468 Middlewares\Third_Party\FreeRTOS\Source\CMSIS_RTOS\cmsis_os.o
 .debug_frame   0x0000179c       0x6c Middlewares\Third_Party\FreeRTOS\Source\list.o
 .debug_frame   0x00001808      0x144 Middlewares\Third_Party\FreeRTOS\Source\portable\GCC\ARM_CM3\port.o
 .debug_frame   0x0000194c       0x9c Middlewares\Third_Party\FreeRTOS\Source\portable\MemMang\heap_4.o
 .debug_frame   0x000019e8      0x574 Middlewares\Third_Party\FreeRTOS\Source\tasks.o
 .debug_frame   0x00001f5c       0x20 Src\code\controller.o
 .debug_frame   0x00001f7c       0x88 Src\main.o
 .debug_frame   0x00002004       0x58 Src\stm32f1xx_hal_msp.o
 .debug_frame   0x0000205c       0x8c Src\stm32f1xx_it.o
 .debug_frame   0x000020e8       0x30 Src\system_stm32f1xx.o
 .debug_frame   0x00002118      0x348 tracealyzer_realtime\SEGGER_RTT.o
 .debug_frame   0x00002460       0xdc tracealyzer_realtime\trcKernelPort.o
 .debug_frame   0x0000253c      0x3f0 tracealyzer_realtime\trcStreamingRecorder.o
 .debug_frame   0x0000292c       0x2c c:/program files (x86)/atollic/truestudio for arm 7.1.2/armtools/bin/../lib/gcc/arm-atollic-eabi/5.3.1/../../../../arm-atollic-eabi/lib/armv7-m\libc_nano.a(lib_a-init.o)
 .debug_frame   0x00002958       0x28 c:/program files (x86)/atollic/truestudio for arm 7.1.2/armtools/bin/../lib/gcc/arm-atollic-eabi/5.3.1/../../../../arm-atollic-eabi/lib/armv7-m\libc_nano.a(lib_a-memcpy-stub.o)
 .debug_frame   0x00002980       0x20 c:/program files (x86)/atollic/truestudio for arm 7.1.2/armtools/bin/../lib/gcc/arm-atollic-eabi/5.3.1/../../../../arm-atollic-eabi/lib/armv7-m\libc_nano.a(lib_a-memset.o)
 .debug_frame   0x000029a0       0x20 c:/program files (x86)/atollic/truestudio for arm 7.1.2/armtools/bin/../lib/gcc/arm-atollic-eabi/5.3.1/../../../../arm-atollic-eabi/lib/armv7-m\libc_nano.a(lib_a-strcpy.o)
