trcStreamingRecorder.c:1584:12:prvAllocateBufferPage	0	static
trcStreamingRecorder.c:360:6:vTraceSetFrequency	0	static
trcStreamingRecorder.c:390:6:vTracePrint	96	static
trcStreamingRecorder.c:612:13:xTraceGetLastError	0	static
trcStreamingRecorder.c:654:6:vTraceClearError	0	static
trcStreamingRecorder.c:1232:6:prvTraceSaveSymbol	20	static
trcStreamingRecorder.c:1298:6:prvTraceDeleteSymbol	20	static
trcStreamingRecorder.c:1342:6:prvTraceSaveObjectData	20	static
trcStreamingRecorder.c:1386:6:prvTraceDeleteObjectData	20	static
trcStreamingRecorder.c:1430:5:prvIsValidCommand	0	static
trcStreamingRecorder.c:1465:6:prvTraceError	8	static
trcStreamingRecorder.c:1046:13:prvTraceStoreStringEventHelper	104	static
trcStreamingRecorder.c:441:6:vTracePrintF	28	static
trcStreamingRecorder.c:818:13:prvTraceStoreWarnings	8	static
trcStreamingRecorder.c:1036:6:prvTraceStoreStringEvent	24	static
trcStreamingRecorder.c:323:13:xTraceRegisterString	8	static
trcStreamingRecorder.c:341:6:vTraceStoreKernelObjectName	16	static
trcStreamingRecorder.c:495:13:xTraceSetISRProperties	24	static
trcStreamingRecorder.c:879:6:prvTraceStoreEvent0	16	static
trcStreamingRecorder.c:297:6:vTraceInstanceFinishedNow	0	static
trcStreamingRecorder.c:313:6:vTraceInstanceFinishedNext	0	static
trcStreamingRecorder.c:906:6:prvTraceStoreEvent1	32	static
trcStreamingRecorder.c:576:6:vTraceStoreISREnd	8	static
trcStreamingRecorder.c:528:6:vTraceStoreISRBegin	16	static
trcStreamingRecorder.c:934:6:prvTraceStoreEvent2	32	static
trcStreamingRecorder.c:963:6:prvTraceStoreEvent3	48	static
trcStreamingRecorder.c:996:6:prvTraceStoreEvent	92	static
trcStreamingRecorder.c:694:13:prvSetRecorderEnabled	72	static
trcStreamingRecorder.c:668:6:vTraceStop	0	static
trcStreamingRecorder.c:1452:6:prvProcessCommand	0	static
trcStreamingRecorder.c:1481:6:prvTraceInitCortexM	0	static
trcStreamingRecorder.c:1671:9:prvPagedEventBufferTransfer	40	static
trcStreamingRecorder.c:1722:7:prvPagedEventBufferGetWritePointer	24	static
trcStreamingRecorder.c:1780:6:prvPagedEventBufferInit	8	static
